17:40:37 **** Incremental Build of configuration Debug for project flashTest ****
make -j6 all 
arm-none-eabi-gcc "../Core/Src/Flash_driver.c" -mcpu=cortex-m4 -std=gnu11 -g3 -DDEBUG -DUSE_HAL_DRIVER -DSTM32L452xx -c -I../Core/Inc -I../Drivers/STM32L4xx_HAL_Driver/Inc -I../Drivers/STM32L4xx_HAL_Driver/Inc/Legacy -I../Drivers/CMSIS/Device/ST/STM32L4xx/Include -I../Drivers/CMSIS/Include -O0 -ffunction-sections -fdata-sections -Wall -fstack-usage -MMD -MP -MF"Core/Src/Flash_driver.d" -MT"Core/Src/Flash_driver.o" --specs=nano.specs -mfpu=fpv4-sp-d16 -mfloat-abi=hard -mthumb -o "Core/Src/Flash_driver.o"
../Core/Src/Flash_driver.c: In function 'Flash_Read':
../Core/Src/Flash_driver.c:14:40: warning: implicit declaration of function 'pow' [-Wimplicit-function-declaration]
   14 |    num+=address_pointer[i*8+j]%0x100 * pow(0x10,j);
      |                                        ^~~
../Core/Src/Flash_driver.c:14:40: warning: incompatible implicit declaration of built-in function 'pow'
../Core/Src/Flash_driver.c:2:1: note: include '<math.h>' or provide a declaration of 'pow'
    1 | #include "stm32l4xx.h"
  +++ |+#include <math.h>
    2 | HAL_StatusTypeDef Flash_Read(uint32_t address,uint8_t *buf,size_t num_bytes){
../Core/Src/Flash_driver.c:17:33: warning: incompatible implicit declaration of built-in function 'pow'
   17 |    buf[i * 4 + k] = num / (int) pow(0x100,k) % 0x100;
      |                                 ^~~
../Core/Src/Flash_driver.c:17:33: note: include '<math.h>' or provide a declaration of 'pow'
../Core/Src/Flash_driver.c:9:6: warning: unused variable 'x' [-Wunused-variable]
    9 |  int x;
      |      ^
../Core/Src/Flash_driver.c: In function 'Flash_Erase_Address':
../Core/Src/Flash_driver.c:61:27: warning: initialization of 'uint8_t *' {aka 'unsigned char *'} from 'int' makes pointer from integer without a cast [-Wint-conversion]
   61 |  uint8_t *start_address = start_page * 0x800 + 0x8000000;
      |                           ^~~~~~~~~~
../Core/Src/Flash_driver.c:75:19: warning: initialization of 'uint32_t' {aka 'long unsigned int'} from 'uint8_t *' {aka 'unsigned char *'} makes integer from pointer without a cast [-Wint-conversion]
   75 |  for(uint32_t i = start_address;i<start_address+0x800;i++){
      |                   ^~~~~~~~~~~~~
../Core/Src/Flash_driver.c:75:34: warning: comparison between pointer and integer
   75 |  for(uint32_t i = start_address;i<start_address+0x800;i++){
      |                                  ^
arm-none-eabi-gcc -o "flashTest.elf" @"objects.list"   -mcpu=cortex-m4 -T"C:\Users\penne\umsats-flash\flashTest\STM32L452RETX_FLASH.ld" --specs=nosys.specs -Wl,-Map="flashTest.map" -Wl,--gc-sections -static --specs=nano.specs -mfpu=fpv4-sp-d16 -mfloat-abi=hard -mthumb -Wl,--start-group -lc -lm -Wl,--end-group
Finished building target: flashTest.elf
 
arm-none-eabi-size   flashTest.elf 
arm-none-eabi-objdump -h -S  flashTest.elf  > "flashTest.list"
   text	   data	    bss	    dec	    hex	filename
  19248	    152	   1704	  21104	   5270	flashTest.elf
Finished building: default.size.stdout
 
Finished building: flashTest.list
 
17:40:45 **** Incremental Build of configuration Debug for project flashTest ****
make -j6 all 
arm-none-eabi-size   flashTest.elf 
   text	   data	    bss	    dec	    hex	filename
  19248	    152	   1704	  21104	   5270	flashTest.elf
Finished building: default.size.stdout
 
17:41:06 **** Incremental Build of configuration Debug for project flashTest ****
make -j6 all 
arm-none-eabi-size   flashTest.elf 
   text	   data	    bss	    dec	    hex	filename
  19248	    152	   1704	  21104	   5270	flashTest.elf
Finished building: default.size.stdout
 
17:43:49 **** Incremental Build of configuration Debug for project flashTest ****
make -j6 all 
arm-none-eabi-gcc "../Core/Src/Flash_driver.c" -mcpu=cortex-m4 -std=gnu11 -g3 -DDEBUG -DUSE_HAL_DRIVER -DSTM32L452xx -c -I../Core/Inc -I../Drivers/STM32L4xx_HAL_Driver/Inc -I../Drivers/STM32L4xx_HAL_Driver/Inc/Legacy -I../Drivers/CMSIS/Device/ST/STM32L4xx/Include -I../Drivers/CMSIS/Include -O0 -ffunction-sections -fdata-sections -Wall -fstack-usage -MMD -MP -MF"Core/Src/Flash_driver.d" -MT"Core/Src/Flash_driver.o" --specs=nano.specs -mfpu=fpv4-sp-d16 -mfloat-abi=hard -mthumb -o "Core/Src/Flash_driver.o"
../Core/Src/Flash_driver.c: In function 'Flash_Read':
../Core/Src/Flash_driver.c:14:39: warning: implicit declaration of function 'pow' [-Wimplicit-function-declaration]
   14 |    num=address_pointer[i*8+j]%0x100 * pow(0x10,j);
      |                                       ^~~
../Core/Src/Flash_driver.c:14:39: warning: incompatible implicit declaration of built-in function 'pow'
../Core/Src/Flash_driver.c:2:1: note: include '<math.h>' or provide a declaration of 'pow'
    1 | #include "stm32l4xx.h"
  +++ |+#include <math.h>
    2 | HAL_StatusTypeDef Flash_Read(uint32_t address,uint8_t *buf,size_t num_bytes){
../Core/Src/Flash_driver.c:9:6: warning: unused variable 'x' [-Wunused-variable]
    9 |  int x;
      |      ^
../Core/Src/Flash_driver.c: In function 'Flash_Erase_Address':
../Core/Src/Flash_driver.c:62:27: warning: initialization of 'uint8_t *' {aka 'unsigned char *'} from 'int' makes pointer from integer without a cast [-Wint-conversion]
   62 |  uint8_t *start_address = start_page * 0x800 + 0x8000000;
      |                           ^~~~~~~~~~
../Core/Src/Flash_driver.c:76:19: warning: initialization of 'uint32_t' {aka 'long unsigned int'} from 'uint8_t *' {aka 'unsigned char *'} makes integer from pointer without a cast [-Wint-conversion]
   76 |  for(uint32_t i = start_address;i<start_address+0x800;i++){
      |                   ^~~~~~~~~~~~~
../Core/Src/Flash_driver.c:76:34: warning: comparison between pointer and integer
   76 |  for(uint32_t i = start_address;i<start_address+0x800;i++){
      |                                  ^
arm-none-eabi-gcc -o "flashTest.elf" @"objects.list"   -mcpu=cortex-m4 -T"C:\Users\penne\umsats-flash\flashTest\STM32L452RETX_FLASH.ld" --specs=nosys.specs -Wl,-Map="flashTest.map" -Wl,--gc-sections -static --specs=nano.specs -mfpu=fpv4-sp-d16 -mfloat-abi=hard -mthumb -Wl,--start-group -lc -lm -Wl,--end-group
Finished building target: flashTest.elf
 
arm-none-eabi-size   flashTest.elf 
arm-none-eabi-objdump -h -S  flashTest.elf  > "flashTest.list"
   text	   data	    bss	    dec	    hex	filename
  19072	    152	   1704	  20928	   51c0	flashTest.elf
Finished building: default.size.stdout
 
Finished building: flashTest.list
 
17:44:36 **** Incremental Build of configuration Debug for project flashTest ****
make -j6 all 
arm-none-eabi-size   flashTest.elf 
   text	   data	    bss	    dec	    hex	filename
  19072	    152	   1704	  20928	   51c0	flashTest.elf
Finished building: default.size.stdout
 
17:45:44 **** Incremental Build of configuration Debug for project flashTest ****
make -j6 all 
arm-none-eabi-gcc "../Core/Src/Flash_driver.c" -mcpu=cortex-m4 -std=gnu11 -g3 -DDEBUG -DUSE_HAL_DRIVER -DSTM32L452xx -c -I../Core/Inc -I../Drivers/STM32L4xx_HAL_Driver/Inc -I../Drivers/STM32L4xx_HAL_Driver/Inc/Legacy -I../Drivers/CMSIS/Device/ST/STM32L4xx/Include -I../Drivers/CMSIS/Include -O0 -ffunction-sections -fdata-sections -Wall -fstack-usage -MMD -MP -MF"Core/Src/Flash_driver.d" -MT"Core/Src/Flash_driver.o" --specs=nano.specs -mfpu=fpv4-sp-d16 -mfloat-abi=hard -mthumb -o "Core/Src/Flash_driver.o"
../Core/Src/Flash_driver.c: In function 'Flash_Read':
../Core/Src/Flash_driver.c:9:6: warning: unused variable 'x' [-Wunused-variable]
    9 |  int x;
      |      ^
../Core/Src/Flash_driver.c: In function 'Flash_Erase_Address':
../Core/Src/Flash_driver.c:62:27: warning: initialization of 'uint8_t *' {aka 'unsigned char *'} from 'int' makes pointer from integer without a cast [-Wint-conversion]
   62 |  uint8_t *start_address = start_page * 0x800 + 0x8000000;
      |                           ^~~~~~~~~~
../Core/Src/Flash_driver.c:76:19: warning: initialization of 'uint32_t' {aka 'long unsigned int'} from 'uint8_t *' {aka 'unsigned char *'} makes integer from pointer without a cast [-Wint-conversion]
   76 |  for(uint32_t i = start_address;i<start_address+0x800;i++){
      |                   ^~~~~~~~~~~~~
../Core/Src/Flash_driver.c:76:34: warning: comparison between pointer and integer
   76 |  for(uint32_t i = start_address;i<start_address+0x800;i++){
      |                                  ^
arm-none-eabi-gcc -o "flashTest.elf" @"objects.list"   -mcpu=cortex-m4 -T"C:\Users\penne\umsats-flash\flashTest\STM32L452RETX_FLASH.ld" --specs=nosys.specs -Wl,-Map="flashTest.map" -Wl,--gc-sections -static --specs=nano.specs -mfpu=fpv4-sp-d16 -mfloat-abi=hard -mthumb -Wl,--start-group -lc -lm -Wl,--end-group
Finished building target: flashTest.elf
 
arm-none-eabi-size   flashTest.elf 
arm-none-eabi-objdump -h -S  flashTest.elf  > "flashTest.list"
   text	   data	    bss	    dec	    hex	filename
  12976	     52	   1700	  14728	   3988	flashTest.elf
Finished building: default.size.stdout
 
Finished building: flashTest.list
 
17:47:33 **** Incremental Build of configuration Debug for project flashTest ****
make -j6 all 
arm-none-eabi-gcc "../Core/Src/main.c" -mcpu=cortex-m4 -std=gnu11 -g3 -DDEBUG -DUSE_HAL_DRIVER -DSTM32L452xx -c -I../Core/Inc -I../Drivers/STM32L4xx_HAL_Driver/Inc -I../Drivers/STM32L4xx_HAL_Driver/Inc/Legacy -I../Drivers/CMSIS/Device/ST/STM32L4xx/Include -I../Drivers/CMSIS/Include -O0 -ffunction-sections -fdata-sections -Wall -fstack-usage -MMD -MP -MF"Core/Src/main.d" -MT"Core/Src/main.o" --specs=nano.specs -mfpu=fpv4-sp-d16 -mfloat-abi=hard -mthumb -o "Core/Src/main.o"
../Core/Src/main.c: In function 'main':
../Core/Src/main.c:99:47: warning: passing argument 2 of 'Flash_Write' from incompatible pointer type [-Wincompatible-pointer-types]
   99 |   HAL_StatusTypeDef w = Flash_Write(0x807f000,nums,3);
      |                                               ^~~~
      |                                               |
      |                                               uint32_t * {aka long unsigned int *}
In file included from ../Core/Src/main.c:26:
../Core/Inc/Flash_driver.h:12:57: note: expected 'uint8_t *' {aka 'unsigned char *'} but argument is of type 'uint32_t *' {aka 'long unsigned int *'}
   12 | HAL_StatusTypeDef Flash_Write(uint32_t address,uint8_t *buf,size_t num_bytes);
      |                                                ~~~~~~~~~^~~
../Core/Src/main.c:102:46: warning: passing argument 2 of 'Flash_Read' from incompatible pointer type [-Wincompatible-pointer-types]
  102 |   HAL_StatusTypeDef r = Flash_Read(0x807f000,read_nums,3);
      |                                              ^~~~~~~~~
      |                                              |
      |                                              uint32_t * {aka long unsigned int *}
In file included from ../Core/Src/main.c:26:
../Core/Inc/Flash_driver.h:11:56: note: expected 'uint8_t *' {aka 'unsigned char *'} but argument is of type 'uint32_t *' {aka 'long unsigned int *'}
   11 | HAL_StatusTypeDef Flash_Read(uint32_t address,uint8_t *buf,size_t num_bytes);
      |                                               ~~~~~~~~~^~~
../Core/Src/main.c:102:21: warning: unused variable 'r' [-Wunused-variable]
  102 |   HAL_StatusTypeDef r = Flash_Read(0x807f000,read_nums,3);
      |                     ^
../Core/Src/main.c:99:21: warning: unused variable 'w' [-Wunused-variable]
   99 |   HAL_StatusTypeDef w = Flash_Write(0x807f000,nums,3);
      |                     ^
arm-none-eabi-gcc -o "flashTest.elf" @"objects.list"   -mcpu=cortex-m4 -T"C:\Users\penne\umsats-flash\flashTest\STM32L452RETX_FLASH.ld" --specs=nosys.specs -Wl,-Map="flashTest.map" -Wl,--gc-sections -static --specs=nano.specs -mfpu=fpv4-sp-d16 -mfloat-abi=hard -mthumb -Wl,--start-group -lc -lm -Wl,--end-group
Finished building target: flashTest.elf
 
arm-none-eabi-size   flashTest.elf 
arm-none-eabi-objdump -h -S  flashTest.elf  > "flashTest.list"
   text	   data	    bss	    dec	    hex	filename
  12984	     52	   1700	  14736	   3990	flashTest.elf
Finished building: default.size.stdout
 
Finished building: flashTest.list
 
17:50:00 **** Incremental Build of configuration Debug for project flashTest ****
make -j6 all 
arm-none-eabi-size   flashTest.elf 
   text	   data	    bss	    dec	    hex	filename
  12984	     52	   1700	  14736	   3990	flashTest.elf
Finished building: default.size.stdout
 
12:00:14 **** Incremental Build of configuration Debug for project flashTest ****
make -j6 all 
arm-none-eabi-size   flashTest.elf 
   text	   data	    bss	    dec	    hex	filename
  12984	     52	   1700	  14736	   3990	flashTest.elf
Finished building: default.size.stdout
 
13:05:42 **** Incremental Build of configuration Debug for project flashTest ****
make -j6 all 
arm-none-eabi-gcc "../Core/Src/Flash_driver.c" -mcpu=cortex-m4 -std=gnu11 -g3 -DDEBUG -DUSE_HAL_DRIVER -DSTM32L452xx -c -I../Core/Inc -I../Drivers/STM32L4xx_HAL_Driver/Inc -I../Drivers/STM32L4xx_HAL_Driver/Inc/Legacy -I../Drivers/CMSIS/Device/ST/STM32L4xx/Include -I../Drivers/CMSIS/Include -O0 -ffunction-sections -fdata-sections -Wall -fstack-usage -MMD -MP -MF"Core/Src/Flash_driver.d" -MT"Core/Src/Flash_driver.o" --specs=nano.specs -mfpu=fpv4-sp-d16 -mfloat-abi=hard -mthumb -o "Core/Src/Flash_driver.o"
../Core/Src/Flash_driver.c: In function 'Flash_Read':
../Core/Src/Flash_driver.c:9:6: warning: unused variable 'x' [-Wunused-variable]
    9 |  int x;
      |      ^
../Core/Src/Flash_driver.c: In function 'Flash_Erase_Address':
../Core/Src/Flash_driver.c:59:27: warning: initialization of 'uint8_t *' {aka 'unsigned char *'} from 'int' makes pointer from integer without a cast [-Wint-conversion]
   59 |  uint8_t *start_address = start_page * 0x800 + 0x8000000;
      |                           ^~~~~~~~~~
../Core/Src/Flash_driver.c:73:19: warning: initialization of 'uint32_t' {aka 'long unsigned int'} from 'uint8_t *' {aka 'unsigned char *'} makes integer from pointer without a cast [-Wint-conversion]
   73 |  for(uint32_t i = start_address;i<start_address+0x800;i++){
      |                   ^~~~~~~~~~~~~
../Core/Src/Flash_driver.c:73:34: warning: comparison between pointer and integer
   73 |  for(uint32_t i = start_address;i<start_address+0x800;i++){
      |                                  ^
arm-none-eabi-gcc -o "flashTest.elf" @"objects.list"   -mcpu=cortex-m4 -T"C:\Users\penne\umsats-flash\flashTest\STM32L452RETX_FLASH.ld" --specs=nosys.specs -Wl,-Map="flashTest.map" -Wl,--gc-sections -static --specs=nano.specs -mfpu=fpv4-sp-d16 -mfloat-abi=hard -mthumb -Wl,--start-group -lc -lm -Wl,--end-group
Finished building target: flashTest.elf
 
arm-none-eabi-size   flashTest.elf 
arm-none-eabi-objdump -h -S  flashTest.elf  > "flashTest.list"
   text	   data	    bss	    dec	    hex	filename
  12984	     52	   1700	  14736	   3990	flashTest.elf
Finished building: default.size.stdout
 
Finished building: flashTest.list
 
13:12:51 **** Incremental Build of configuration Debug for project flashTest ****
make -j6 all 
arm-none-eabi-gcc "../Core/Src/main.c" -mcpu=cortex-m4 -std=gnu11 -g3 -DDEBUG -DUSE_HAL_DRIVER -DSTM32L452xx -c -I../Core/Inc -I../Drivers/STM32L4xx_HAL_Driver/Inc -I../Drivers/STM32L4xx_HAL_Driver/Inc/Legacy -I../Drivers/CMSIS/Device/ST/STM32L4xx/Include -I../Drivers/CMSIS/Include -O0 -ffunction-sections -fdata-sections -Wall -fstack-usage -MMD -MP -MF"Core/Src/main.d" -MT"Core/Src/main.o" --specs=nano.specs -mfpu=fpv4-sp-d16 -mfloat-abi=hard -mthumb -o "Core/Src/main.o"
../Core/Src/main.c: In function 'main':
../Core/Src/main.c:97:22: warning: unsigned conversion from 'long long int' to 'long unsigned int' changes value from '4886718345' to '591751049' [-Woverflow]
   97 |   uint32_t nums[] = {0x123456789,0xAAAAAAA,0xBBBBBBBB};
      |                      ^~~~~~~~~~~
../Core/Src/main.c:99:47: warning: passing argument 2 of 'Flash_Write' from incompatible pointer type [-Wincompatible-pointer-types]
   99 |   HAL_StatusTypeDef w = Flash_Write(0x807f000,nums,3);
      |                                               ^~~~
      |                                               |
      |                                               uint32_t * {aka long unsigned int *}
In file included from ../Core/Src/main.c:26:
../Core/Inc/Flash_driver.h:12:57: note: expected 'uint8_t *' {aka 'unsigned char *'} but argument is of type 'uint32_t *' {aka 'long unsigned int *'}
   12 | HAL_StatusTypeDef Flash_Write(uint32_t address,uint8_t *buf,size_t num_bytes);
      |                                                ~~~~~~~~~^~~
../Core/Src/main.c:102:46: warning: passing argument 2 of 'Flash_Read' from incompatible pointer type [-Wincompatible-pointer-types]
  102 |   HAL_StatusTypeDef r = Flash_Read(0x807f000,read_nums,3);
      |                                              ^~~~~~~~~
      |                                              |
      |                                              uint32_t * {aka long unsigned int *}
In file included from ../Core/Src/main.c:26:
../Core/Inc/Flash_driver.h:11:56: note: expected 'uint8_t *' {aka 'unsigned char *'} but argument is of type 'uint32_t *' {aka 'long unsigned int *'}
   11 | HAL_StatusTypeDef Flash_Read(uint32_t address,uint8_t *buf,size_t num_bytes);
      |                                               ~~~~~~~~~^~~
../Core/Src/main.c:102:21: warning: unused variable 'r' [-Wunused-variable]
  102 |   HAL_StatusTypeDef r = Flash_Read(0x807f000,read_nums,3);
      |                     ^
../Core/Src/main.c:99:21: warning: unused variable 'w' [-Wunused-variable]
   99 |   HAL_StatusTypeDef w = Flash_Write(0x807f000,nums,3);
      |                     ^
arm-none-eabi-gcc -o "flashTest.elf" @"objects.list"   -mcpu=cortex-m4 -T"C:\Users\penne\umsats-flash\flashTest\STM32L452RETX_FLASH.ld" --specs=nosys.specs -Wl,-Map="flashTest.map" -Wl,--gc-sections -static --specs=nano.specs -mfpu=fpv4-sp-d16 -mfloat-abi=hard -mthumb -Wl,--start-group -lc -lm -Wl,--end-group
Finished building target: flashTest.elf
 
arm-none-eabi-size   flashTest.elf 
arm-none-eabi-objdump -h -S  flashTest.elf  > "flashTest.list"
   text	   data	    bss	    dec	    hex	filename
  12984	     52	   1700	  14736	   3990	flashTest.elf
Finished building: default.size.stdout
 
Finished building: flashTest.list
 
13:23:04 **** Incremental Build of configuration Debug for project flashTest ****
make -j6 all 
arm-none-eabi-gcc "../Core/Src/main.c" -mcpu=cortex-m4 -std=gnu11 -g3 -DDEBUG -DUSE_HAL_DRIVER -DSTM32L452xx -c -I../Core/Inc -I../Drivers/STM32L4xx_HAL_Driver/Inc -I../Drivers/STM32L4xx_HAL_Driver/Inc/Legacy -I../Drivers/CMSIS/Device/ST/STM32L4xx/Include -I../Drivers/CMSIS/Include -O0 -ffunction-sections -fdata-sections -Wall -fstack-usage -MMD -MP -MF"Core/Src/main.d" -MT"Core/Src/main.o" --specs=nano.specs -mfpu=fpv4-sp-d16 -mfloat-abi=hard -mthumb -o "Core/Src/main.o"
../Core/Src/main.c: In function 'main':
../Core/Src/main.c:97:22: warning: unsigned conversion from 'long long int' to 'long unsigned int' changes value from '4886718345' to '591751049' [-Woverflow]
   97 |   uint32_t nums[] = {0x123456789,0xAAAAAAA,0xBBBBBBBB};
      |                      ^~~~~~~~~~~
../Core/Src/main.c:99:47: warning: passing argument 2 of 'Flash_Write' from incompatible pointer type [-Wincompatible-pointer-types]
   99 |   HAL_StatusTypeDef w = Flash_Write(0x8000000,nums,3);
      |                                               ^~~~
      |                                               |
      |                                               uint32_t * {aka long unsigned int *}
In file included from ../Core/Src/main.c:26:
../Core/Inc/Flash_driver.h:12:57: note: expected 'uint8_t *' {aka 'unsigned char *'} but argument is of type 'uint32_t *' {aka 'long unsigned int *'}
   12 | HAL_StatusTypeDef Flash_Write(uint32_t address,uint8_t *buf,size_t num_bytes);
      |                                                ~~~~~~~~~^~~
../Core/Src/main.c:102:46: warning: passing argument 2 of 'Flash_Read' from incompatible pointer type [-Wincompatible-pointer-types]
  102 |   HAL_StatusTypeDef r = Flash_Read(0x8000000,read_nums,3);
      |                                              ^~~~~~~~~
      |                                              |
      |                                              uint32_t * {aka long unsigned int *}
In file included from ../Core/Src/main.c:26:
../Core/Inc/Flash_driver.h:11:56: note: expected 'uint8_t *' {aka 'unsigned char *'} but argument is of type 'uint32_t *' {aka 'long unsigned int *'}
   11 | HAL_StatusTypeDef Flash_Read(uint32_t address,uint8_t *buf,size_t num_bytes);
      |                                               ~~~~~~~~~^~~
../Core/Src/main.c:102:21: warning: unused variable 'r' [-Wunused-variable]
  102 |   HAL_StatusTypeDef r = Flash_Read(0x8000000,read_nums,3);
      |                     ^
../Core/Src/main.c:99:21: warning: unused variable 'w' [-Wunused-variable]
   99 |   HAL_StatusTypeDef w = Flash_Write(0x8000000,nums,3);
      |                     ^
arm-none-eabi-gcc -o "flashTest.elf" @"objects.list"   -mcpu=cortex-m4 -T"C:\Users\penne\umsats-flash\flashTest\STM32L452RETX_FLASH.ld" --specs=nosys.specs -Wl,-Map="flashTest.map" -Wl,--gc-sections -static --specs=nano.specs -mfpu=fpv4-sp-d16 -mfloat-abi=hard -mthumb -Wl,--start-group -lc -lm -Wl,--end-group
Finished building target: flashTest.elf
 
arm-none-eabi-size   flashTest.elf 
arm-none-eabi-objdump -h -S  flashTest.elf  > "flashTest.list"
   text	   data	    bss	    dec	    hex	filename
  12984	     52	   1700	  14736	   3990	flashTest.elf
Finished building: default.size.stdout
 
Finished building: flashTest.list
 
13:23:56 **** Incremental Build of configuration Debug for project flashTest ****
make -j6 all 
arm-none-eabi-gcc "../Core/Src/main.c" -mcpu=cortex-m4 -std=gnu11 -g3 -DDEBUG -DUSE_HAL_DRIVER -DSTM32L452xx -c -I../Core/Inc -I../Drivers/STM32L4xx_HAL_Driver/Inc -I../Drivers/STM32L4xx_HAL_Driver/Inc/Legacy -I../Drivers/CMSIS/Device/ST/STM32L4xx/Include -I../Drivers/CMSIS/Include -O0 -ffunction-sections -fdata-sections -Wall -fstack-usage -MMD -MP -MF"Core/Src/main.d" -MT"Core/Src/main.o" --specs=nano.specs -mfpu=fpv4-sp-d16 -mfloat-abi=hard -mthumb -o "Core/Src/main.o"
../Core/Src/main.c: In function 'main':
../Core/Src/main.c:97:22: warning: unsigned conversion from 'long long int' to 'long unsigned int' changes value from '4886718345' to '591751049' [-Woverflow]
   97 |   uint32_t nums[] = {0x123456789,0xAAAAAAA,0xBBBBBBBB};
      |                      ^~~~~~~~~~~
../Core/Src/main.c:99:47: warning: passing argument 2 of 'Flash_Write' from incompatible pointer type [-Wincompatible-pointer-types]
   99 |   HAL_StatusTypeDef w = Flash_Write(0x807f000,nums,3);
      |                                               ^~~~
      |                                               |
      |                                               uint32_t * {aka long unsigned int *}
In file included from ../Core/Src/main.c:26:
../Core/Inc/Flash_driver.h:12:57: note: expected 'uint8_t *' {aka 'unsigned char *'} but argument is of type 'uint32_t *' {aka 'long unsigned int *'}
   12 | HAL_StatusTypeDef Flash_Write(uint32_t address,uint8_t *buf,size_t num_bytes);
      |                                                ~~~~~~~~~^~~
../Core/Src/main.c:102:46: warning: passing argument 2 of 'Flash_Read' from incompatible pointer type [-Wincompatible-pointer-types]
  102 |   HAL_StatusTypeDef r = Flash_Read(0x807f000,read_nums,3);
      |                                              ^~~~~~~~~
      |                                              |
      |                                              uint32_t * {aka long unsigned int *}
In file included from ../Core/Src/main.c:26:
../Core/Inc/Flash_driver.h:11:56: note: expected 'uint8_t *' {aka 'unsigned char *'} but argument is of type 'uint32_t *' {aka 'long unsigned int *'}
   11 | HAL_StatusTypeDef Flash_Read(uint32_t address,uint8_t *buf,size_t num_bytes);
      |                                               ~~~~~~~~~^~~
../Core/Src/main.c:102:21: warning: unused variable 'r' [-Wunused-variable]
  102 |   HAL_StatusTypeDef r = Flash_Read(0x807f000,read_nums,3);
      |                     ^
../Core/Src/main.c:99:21: warning: unused variable 'w' [-Wunused-variable]
   99 |   HAL_StatusTypeDef w = Flash_Write(0x807f000,nums,3);
      |                     ^
arm-none-eabi-gcc -o "flashTest.elf" @"objects.list"   -mcpu=cortex-m4 -T"C:\Users\penne\umsats-flash\flashTest\STM32L452RETX_FLASH.ld" --specs=nosys.specs -Wl,-Map="flashTest.map" -Wl,--gc-sections -static --specs=nano.specs -mfpu=fpv4-sp-d16 -mfloat-abi=hard -mthumb -Wl,--start-group -lc -lm -Wl,--end-group
Finished building target: flashTest.elf
 
arm-none-eabi-size   flashTest.elf 
arm-none-eabi-objdump -h -S  flashTest.elf  > "flashTest.list"
   text	   data	    bss	    dec	    hex	filename
  12984	     52	   1700	  14736	   3990	flashTest.elf
Finished building: default.size.stdout
 
Finished building: flashTest.list
 
13:24:54 **** Incremental Build of configuration Debug for project flashTest ****
make -j6 all 
arm-none-eabi-gcc "../Core/Src/main.c" -mcpu=cortex-m4 -std=gnu11 -g3 -DDEBUG -DUSE_HAL_DRIVER -DSTM32L452xx -c -I../Core/Inc -I../Drivers/STM32L4xx_HAL_Driver/Inc -I../Drivers/STM32L4xx_HAL_Driver/Inc/Legacy -I../Drivers/CMSIS/Device/ST/STM32L4xx/Include -I../Drivers/CMSIS/Include -O0 -ffunction-sections -fdata-sections -Wall -fstack-usage -MMD -MP -MF"Core/Src/main.d" -MT"Core/Src/main.o" --specs=nano.specs -mfpu=fpv4-sp-d16 -mfloat-abi=hard -mthumb -o "Core/Src/main.o"
../Core/Src/main.c: In function 'main':
../Core/Src/main.c:97:22: warning: unsigned conversion from 'long long int' to 'long unsigned int' changes value from '4886718345' to '591751049' [-Woverflow]
   97 |   uint32_t nums[] = {0x123456789,0xAAAAAAA,0xBBBBBBBB};
      |                      ^~~~~~~~~~~
../Core/Src/main.c:99:47: warning: passing argument 2 of 'Flash_Write' from incompatible pointer type [-Wincompatible-pointer-types]
   99 |   HAL_StatusTypeDef w = Flash_Write(0x8000000,nums,3);
      |                                               ^~~~
      |                                               |
      |                                               uint32_t * {aka long unsigned int *}
In file included from ../Core/Src/main.c:26:
../Core/Inc/Flash_driver.h:12:57: note: expected 'uint8_t *' {aka 'unsigned char *'} but argument is of type 'uint32_t *' {aka 'long unsigned int *'}
   12 | HAL_StatusTypeDef Flash_Write(uint32_t address,uint8_t *buf,size_t num_bytes);
      |                                                ~~~~~~~~~^~~
../Core/Src/main.c:102:46: warning: passing argument 2 of 'Flash_Read' from incompatible pointer type [-Wincompatible-pointer-types]
  102 |   HAL_StatusTypeDef r = Flash_Read(0x8000000,read_nums,3);
      |                                              ^~~~~~~~~
      |                                              |
      |                                              uint32_t * {aka long unsigned int *}
In file included from ../Core/Src/main.c:26:
../Core/Inc/Flash_driver.h:11:56: note: expected 'uint8_t *' {aka 'unsigned char *'} but argument is of type 'uint32_t *' {aka 'long unsigned int *'}
   11 | HAL_StatusTypeDef Flash_Read(uint32_t address,uint8_t *buf,size_t num_bytes);
      |                                               ~~~~~~~~~^~~
../Core/Src/main.c:102:21: warning: unused variable 'r' [-Wunused-variable]
  102 |   HAL_StatusTypeDef r = Flash_Read(0x8000000,read_nums,3);
      |                     ^
../Core/Src/main.c:99:21: warning: unused variable 'w' [-Wunused-variable]
   99 |   HAL_StatusTypeDef w = Flash_Write(0x8000000,nums,3);
      |                     ^
arm-none-eabi-gcc -o "flashTest.elf" @"objects.list"   -mcpu=cortex-m4 -T"C:\Users\penne\umsats-flash\flashTest\STM32L452RETX_FLASH.ld" --specs=nosys.specs -Wl,-Map="flashTest.map" -Wl,--gc-sections -static --specs=nano.specs -mfpu=fpv4-sp-d16 -mfloat-abi=hard -mthumb -Wl,--start-group -lc -lm -Wl,--end-group
Finished building target: flashTest.elf
 
arm-none-eabi-size   flashTest.elf 
arm-none-eabi-objdump -h -S  flashTest.elf  > "flashTest.list"
   text	   data	    bss	    dec	    hex	filename
  12984	     52	   1700	  14736	   3990	flashTest.elf
Finished building: default.size.stdout
 
Finished building: flashTest.list
 
13:49:30 **** Incremental Build of configuration Debug for project flashTest ****
make -j6 all 
arm-none-eabi-gcc "../Core/Src/Flash_driver.c" -mcpu=cortex-m4 -std=gnu11 -g3 -DDEBUG -DUSE_HAL_DRIVER -DSTM32L452xx -c -I../Core/Inc -I../Drivers/STM32L4xx_HAL_Driver/Inc -I../Drivers/STM32L4xx_HAL_Driver/Inc/Legacy -I../Drivers/CMSIS/Device/ST/STM32L4xx/Include -I../Drivers/CMSIS/Include -O0 -ffunction-sections -fdata-sections -Wall -fstack-usage -MMD -MP -MF"Core/Src/Flash_driver.d" -MT"Core/Src/Flash_driver.o" --specs=nano.specs -mfpu=fpv4-sp-d16 -mfloat-abi=hard -mthumb -o "Core/Src/Flash_driver.o"
../Core/Src/Flash_driver.c: In function 'Flash_Read':
../Core/Src/Flash_driver.c:9:6: warning: unused variable 'x' [-Wunused-variable]
    9 |  int x;
      |      ^
../Core/Src/Flash_driver.c: In function 'Flash_Erase_Address':
../Core/Src/Flash_driver.c:60:27: warning: initialization of 'uint8_t *' {aka 'unsigned char *'} from 'int' makes pointer from integer without a cast [-Wint-conversion]
   60 |  uint8_t *start_address = start_page * 0x800 + 0x8000000;
      |                           ^~~~~~~~~~
../Core/Src/Flash_driver.c:74:19: warning: initialization of 'uint32_t' {aka 'long unsigned int'} from 'uint8_t *' {aka 'unsigned char *'} makes integer from pointer without a cast [-Wint-conversion]
   74 |  for(uint32_t i = start_address;i<start_address+0x800;i++){
      |                   ^~~~~~~~~~~~~
../Core/Src/Flash_driver.c:74:34: warning: comparison between pointer and integer
   74 |  for(uint32_t i = start_address;i<start_address+0x800;i++){
      |                                  ^
arm-none-eabi-gcc -o "flashTest.elf" @"objects.list"   -mcpu=cortex-m4 -T"C:\Users\penne\umsats-flash\flashTest\STM32L452RETX_FLASH.ld" --specs=nosys.specs -Wl,-Map="flashTest.map" -Wl,--gc-sections -static --specs=nano.specs -mfpu=fpv4-sp-d16 -mfloat-abi=hard -mthumb -Wl,--start-group -lc -lm -Wl,--end-group
Finished building target: flashTest.elf
 
arm-none-eabi-size   flashTest.elf 
arm-none-eabi-objdump -h -S  flashTest.elf  > "flashTest.list"
   text	   data	    bss	    dec	    hex	filename
  12984	     52	   1700	  14736	   3990	flashTest.elf
Finished building: default.size.stdout
 
Finished building: flashTest.list
 
13:57:43 **** Incremental Build of configuration Debug for project flashTest ****
make -j6 all 
arm-none-eabi-gcc "../Core/Src/Flash_driver.c" -mcpu=cortex-m4 -std=gnu11 -g3 -DDEBUG -DUSE_HAL_DRIVER -DSTM32L452xx -c -I../Core/Inc -I../Drivers/STM32L4xx_HAL_Driver/Inc -I../Drivers/STM32L4xx_HAL_Driver/Inc/Legacy -I../Drivers/CMSIS/Device/ST/STM32L4xx/Include -I../Drivers/CMSIS/Include -O0 -ffunction-sections -fdata-sections -Wall -fstack-usage -MMD -MP -MF"Core/Src/Flash_driver.d" -MT"Core/Src/Flash_driver.o" --specs=nano.specs -mfpu=fpv4-sp-d16 -mfloat-abi=hard -mthumb -o "Core/Src/Flash_driver.o"
../Core/Src/Flash_driver.c: In function 'Flash_Read':
../Core/Src/Flash_driver.c:9:6: warning: unused variable 'x' [-Wunused-variable]
    9 |  int x;
      |      ^
../Core/Src/Flash_driver.c: In function 'Flash_Erase_Page':
../Core/Src/Flash_driver.c:43:6: error: 'buf' undeclared (first use in this function)
   43 |  if(!buf){
      |      ^~~
../Core/Src/Flash_driver.c:43:6: note: each undeclared identifier is reported only once for each function it appears in
../Core/Src/Flash_driver.c:44:3: error: 'status' undeclared (first use in this function); did you mean 'ITStatus'?
   44 |   status = HAL_ERROR;
      |   ^~~~~~
      |   ITStatus
../Core/Src/Flash_driver.c: In function 'Flash_Erase_Address':
../Core/Src/Flash_driver.c:63:6: error: 'buf' undeclared (first use in this function)
   63 |  if(!buf){
      |      ^~~
../Core/Src/Flash_driver.c:64:3: error: 'status' undeclared (first use in this function); did you mean 'ITStatus'?
   64 |   status = HAL_ERROR;
      |   ^~~~~~
      |   ITStatus
../Core/Src/Flash_driver.c:69:27: warning: initialization of 'uint8_t *' {aka 'unsigned char *'} from 'int' makes pointer from integer without a cast [-Wint-conversion]
   69 |  uint8_t *start_address = start_page * 0x800 + 0x8000000;
      |                           ^~~~~~~~~~
../Core/Src/Flash_driver.c:83:19: warning: initialization of 'uint32_t' {aka 'long unsigned int'} from 'uint8_t *' {aka 'unsigned char *'} makes integer from pointer without a cast [-Wint-conversion]
   83 |  for(uint32_t i = start_address;i<start_address+0x800;i++){
      |                   ^~~~~~~~~~~~~
../Core/Src/Flash_driver.c:83:34: warning: comparison between pointer and integer
   83 |  for(uint32_t i = start_address;i<start_address+0x800;i++){
      |                                  ^
../Core/Src/Flash_driver.c: In function 'Flash_Erase_Page':
../Core/Src/Flash_driver.c:61:1: warning: control reaches end of non-void function [-Wreturn-type]
   61 | }
      | ^
make: *** [Core/Src/subdir.mk:37: Core/Src/Flash_driver.o] Error 1
"make -j6 all" terminated with exit code 2. Build might be incomplete.
13:58:06 **** Incremental Build of configuration Debug for project flashTest ****
make -j6 all 
arm-none-eabi-gcc "../Core/Src/Flash_driver.c" -mcpu=cortex-m4 -std=gnu11 -g3 -DDEBUG -DUSE_HAL_DRIVER -DSTM32L452xx -c -I../Core/Inc -I../Drivers/STM32L4xx_HAL_Driver/Inc -I../Drivers/STM32L4xx_HAL_Driver/Inc/Legacy -I../Drivers/CMSIS/Device/ST/STM32L4xx/Include -I../Drivers/CMSIS/Include -O0 -ffunction-sections -fdata-sections -Wall -fstack-usage -MMD -MP -MF"Core/Src/Flash_driver.d" -MT"Core/Src/Flash_driver.o" --specs=nano.specs -mfpu=fpv4-sp-d16 -mfloat-abi=hard -mthumb -o "Core/Src/Flash_driver.o"
../Core/Src/Flash_driver.c: In function 'Flash_Read':
../Core/Src/Flash_driver.c:9:6: warning: unused variable 'x' [-Wunused-variable]
    9 |  int x;
      |      ^
../Core/Src/Flash_driver.c: In function 'Flash_Erase_Page':
../Core/Src/Flash_driver.c:43:6: error: 'buf' undeclared (first use in this function)
   43 |  if(!buf){
      |      ^~~
../Core/Src/Flash_driver.c:43:6: note: each undeclared identifier is reported only once for each function it appears in
../Core/Src/Flash_driver.c:44:3: error: 'status' undeclared (first use in this function); did you mean 'ITStatus'?
   44 |   status = HAL_ERROR;
      |   ^~~~~~
      |   ITStatus
../Core/Src/Flash_driver.c: In function 'Flash_Erase_Address':
../Core/Src/Flash_driver.c:63:6: error: 'buf' undeclared (first use in this function)
   63 |  if(!buf){
      |      ^~~
../Core/Src/Flash_driver.c:64:3: error: 'status' undeclared (first use in this function); did you mean 'ITStatus'?
   64 |   status = HAL_ERROR;
      |   ^~~~~~
      |   ITStatus
../Core/Src/Flash_driver.c:69:27: warning: initialization of 'uint8_t *' {aka 'unsigned char *'} from 'int' makes pointer from integer without a cast [-Wint-conversion]
   69 |  uint8_t *start_address = start_page * 0x800 + 0x8000000;
      |                           ^~~~~~~~~~
../Core/Src/Flash_driver.c:83:19: warning: initialization of 'uint32_t' {aka 'long unsigned int'} from 'uint8_t *' {aka 'unsigned char *'} makes integer from pointer without a cast [-Wint-conversion]
   83 |  for(uint32_t i = start_address;i<start_address+0x800;i++){
      |                   ^~~~~~~~~~~~~
../Core/Src/Flash_driver.c:83:34: warning: comparison between pointer and integer
   83 |  for(uint32_t i = start_address;i<start_address+0x800;i++){
      |                                  ^
../Core/Src/Flash_driver.c: In function 'Flash_Erase_Page':
../Core/Src/Flash_driver.c:61:1: warning: control reaches end of non-void function [-Wreturn-type]
   61 | }
      | ^
make: *** [Core/Src/subdir.mk:37: Core/Src/Flash_driver.o] Error 1
"make -j6 all" terminated with exit code 2. Build might be incomplete.
13:59:19 **** Incremental Build of configuration Debug for project flashTest ****
make -j6 all 
arm-none-eabi-gcc "../Core/Src/Flash_driver.c" -mcpu=cortex-m4 -std=gnu11 -g3 -DDEBUG -DUSE_HAL_DRIVER -DSTM32L452xx -c -I../Core/Inc -I../Drivers/STM32L4xx_HAL_Driver/Inc -I../Drivers/STM32L4xx_HAL_Driver/Inc/Legacy -I../Drivers/CMSIS/Device/ST/STM32L4xx/Include -I../Drivers/CMSIS/Include -O0 -ffunction-sections -fdata-sections -Wall -fstack-usage -MMD -MP -MF"Core/Src/Flash_driver.d" -MT"Core/Src/Flash_driver.o" --specs=nano.specs -mfpu=fpv4-sp-d16 -mfloat-abi=hard -mthumb -o "Core/Src/Flash_driver.o"
../Core/Src/Flash_driver.c: In function 'Flash_Read':
../Core/Src/Flash_driver.c:9:6: warning: unused variable 'x' [-Wunused-variable]
    9 |  int x;
      |      ^
../Core/Src/Flash_driver.c: In function 'Flash_Erase_Address':
../Core/Src/Flash_driver.c:60:27: warning: initialization of 'uint8_t *' {aka 'unsigned char *'} from 'int' makes pointer from integer without a cast [-Wint-conversion]
   60 |  uint8_t *start_address = start_page * 0x800 + 0x8000000;
      |                           ^~~~~~~~~~
../Core/Src/Flash_driver.c:74:19: warning: initialization of 'uint32_t' {aka 'long unsigned int'} from 'uint8_t *' {aka 'unsigned char *'} makes integer from pointer without a cast [-Wint-conversion]
   74 |  for(uint32_t i = start_address;i<start_address+0x800;i++){
      |                   ^~~~~~~~~~~~~
../Core/Src/Flash_driver.c:74:34: warning: comparison between pointer and integer
   74 |  for(uint32_t i = start_address;i<start_address+0x800;i++){
      |                                  ^
arm-none-eabi-gcc -o "flashTest.elf" @"objects.list"   -mcpu=cortex-m4 -T"C:\Users\penne\umsats-flash\flashTest\STM32L452RETX_FLASH.ld" --specs=nosys.specs -Wl,-Map="flashTest.map" -Wl,--gc-sections -static --specs=nano.specs -mfpu=fpv4-sp-d16 -mfloat-abi=hard -mthumb -Wl,--start-group -lc -lm -Wl,--end-group
Finished building target: flashTest.elf
 
arm-none-eabi-size   flashTest.elf 
arm-none-eabi-objdump -h -S  flashTest.elf  > "flashTest.list"
   text	   data	    bss	    dec	    hex	filename
  12984	     52	   1700	  14736	   3990	flashTest.elf
Finished building: default.size.stdout
 
Finished building: flashTest.list
 
14:06:31 **** Incremental Build of configuration Debug for project flashTest ****
make -j6 all 
arm-none-eabi-gcc "../Core/Src/main.c" -mcpu=cortex-m4 -std=gnu11 -g3 -DDEBUG -DUSE_HAL_DRIVER -DSTM32L452xx -c -I../Core/Inc -I../Drivers/STM32L4xx_HAL_Driver/Inc -I../Drivers/STM32L4xx_HAL_Driver/Inc/Legacy -I../Drivers/CMSIS/Device/ST/STM32L4xx/Include -I../Drivers/CMSIS/Include -O0 -ffunction-sections -fdata-sections -Wall -fstack-usage -MMD -MP -MF"Core/Src/main.d" -MT"Core/Src/main.o" --specs=nano.specs -mfpu=fpv4-sp-d16 -mfloat-abi=hard -mthumb -o "Core/Src/main.o"
../Core/Src/main.c: In function 'main':
../Core/Src/main.c:95:23: warning: unsigned conversion from 'int' to 'uint8_t' {aka 'unsigned char'} changes value from '134217728' to '0' [-Woverflow]
   95 |   Flash_Erase_Address(0x8000000,2);
      |                       ^~~~~~~~~
../Core/Src/main.c:97:22: warning: unsigned conversion from 'long long int' to 'long unsigned int' changes value from '4886718345' to '591751049' [-Woverflow]
   97 |   uint32_t nums[] = {0x123456789,0xAAAAAAA,0xBBBBBBBB};
      |                      ^~~~~~~~~~~
../Core/Src/main.c:99:47: warning: passing argument 2 of 'Flash_Write' from incompatible pointer type [-Wincompatible-pointer-types]
   99 |   HAL_StatusTypeDef w = Flash_Write(0x8000000,nums,3);
      |                                               ^~~~
      |                                               |
      |                                               uint32_t * {aka long unsigned int *}
In file included from ../Core/Src/main.c:26:
../Core/Inc/Flash_driver.h:12:57: note: expected 'uint8_t *' {aka 'unsigned char *'} but argument is of type 'uint32_t *' {aka 'long unsigned int *'}
   12 | HAL_StatusTypeDef Flash_Write(uint32_t address,uint8_t *buf,size_t num_bytes);
      |                                                ~~~~~~~~~^~~
../Core/Src/main.c:102:46: warning: passing argument 2 of 'Flash_Read' from incompatible pointer type [-Wincompatible-pointer-types]
  102 |   HAL_StatusTypeDef r = Flash_Read(0x8000000,read_nums,3);
      |                                              ^~~~~~~~~
      |                                              |
      |                                              uint32_t * {aka long unsigned int *}
In file included from ../Core/Src/main.c:26:
../Core/Inc/Flash_driver.h:11:56: note: expected 'uint8_t *' {aka 'unsigned char *'} but argument is of type 'uint32_t *' {aka 'long unsigned int *'}
   11 | HAL_StatusTypeDef Flash_Read(uint32_t address,uint8_t *buf,size_t num_bytes);
      |                                               ~~~~~~~~~^~~
../Core/Src/main.c:102:21: warning: unused variable 'r' [-Wunused-variable]
  102 |   HAL_StatusTypeDef r = Flash_Read(0x8000000,read_nums,3);
      |                     ^
../Core/Src/main.c:99:21: warning: unused variable 'w' [-Wunused-variable]
   99 |   HAL_StatusTypeDef w = Flash_Write(0x8000000,nums,3);
      |                     ^
arm-none-eabi-gcc -o "flashTest.elf" @"objects.list"   -mcpu=cortex-m4 -T"C:\Users\penne\umsats-flash\flashTest\STM32L452RETX_FLASH.ld" --specs=nosys.specs -Wl,-Map="flashTest.map" -Wl,--gc-sections -static --specs=nano.specs -mfpu=fpv4-sp-d16 -mfloat-abi=hard -mthumb -Wl,--start-group -lc -lm -Wl,--end-group
Finished building target: flashTest.elf
 
arm-none-eabi-size   flashTest.elf 
arm-none-eabi-objdump -h -S  flashTest.elf  > "flashTest.list"
   text	   data	    bss	    dec	    hex	filename
  12700	     52	   1700	  14452	   3874	flashTest.elf
Finished building: default.size.stdout
 
Finished building: flashTest.list
 
14:10:04 **** Incremental Build of configuration Debug for project flashTest ****
make -j6 all 
arm-none-eabi-size   flashTest.elf 
   text	   data	    bss	    dec	    hex	filename
  12700	     52	   1700	  14452	   3874	flashTest.elf
Finished building: default.size.stdout
 
14:11:04 **** Incremental Build of configuration Debug for project flashTest ****
make -j6 all 
arm-none-eabi-size   flashTest.elf 
   text	   data	    bss	    dec	    hex	filename
  12700	     52	   1700	  14452	   3874	flashTest.elf
Finished building: default.size.stdout
 
14:14:03 **** Incremental Build of configuration Debug for project flashTest ****
make -j6 all 
arm-none-eabi-gcc "../Core/Src/main.c" -mcpu=cortex-m4 -std=gnu11 -g3 -DDEBUG -DUSE_HAL_DRIVER -DSTM32L452xx -c -I../Core/Inc -I../Drivers/STM32L4xx_HAL_Driver/Inc -I../Drivers/STM32L4xx_HAL_Driver/Inc/Legacy -I../Drivers/CMSIS/Device/ST/STM32L4xx/Include -I../Drivers/CMSIS/Include -O0 -ffunction-sections -fdata-sections -Wall -fstack-usage -MMD -MP -MF"Core/Src/main.d" -MT"Core/Src/main.o" --specs=nano.specs -mfpu=fpv4-sp-d16 -mfloat-abi=hard -mthumb -o "Core/Src/main.o"
../Core/Src/main.c: In function 'main':
../Core/Src/main.c:95:23: warning: unsigned conversion from 'int' to 'uint8_t' {aka 'unsigned char'} changes value from '134676480' to '0' [-Woverflow]
   95 |   Flash_Erase_Address(0x8070000,2);
      |                       ^~~~~~~~~
../Core/Src/main.c:97:22: warning: unsigned conversion from 'long long int' to 'long unsigned int' changes value from '4886718345' to '591751049' [-Woverflow]
   97 |   uint32_t nums[] = {0x123456789,0xAAAAAAA,0xBBBBBBBB};
      |                      ^~~~~~~~~~~
../Core/Src/main.c:99:47: warning: passing argument 2 of 'Flash_Write' from incompatible pointer type [-Wincompatible-pointer-types]
   99 |   HAL_StatusTypeDef w = Flash_Write(0x8070000,nums,3);
      |                                               ^~~~
      |                                               |
      |                                               uint32_t * {aka long unsigned int *}
In file included from ../Core/Src/main.c:26:
../Core/Inc/Flash_driver.h:12:57: note: expected 'uint8_t *' {aka 'unsigned char *'} but argument is of type 'uint32_t *' {aka 'long unsigned int *'}
   12 | HAL_StatusTypeDef Flash_Write(uint32_t address,uint8_t *buf,size_t num_bytes);
      |                                                ~~~~~~~~~^~~
../Core/Src/main.c:102:46: warning: passing argument 2 of 'Flash_Read' from incompatible pointer type [-Wincompatible-pointer-types]
  102 |   HAL_StatusTypeDef r = Flash_Read(0x8070000,read_nums,3);
      |                                              ^~~~~~~~~
      |                                              |
      |                                              uint32_t * {aka long unsigned int *}
In file included from ../Core/Src/main.c:26:
../Core/Inc/Flash_driver.h:11:56: note: expected 'uint8_t *' {aka 'unsigned char *'} but argument is of type 'uint32_t *' {aka 'long unsigned int *'}
   11 | HAL_StatusTypeDef Flash_Read(uint32_t address,uint8_t *buf,size_t num_bytes);
      |                                               ~~~~~~~~~^~~
../Core/Src/main.c:102:21: warning: unused variable 'r' [-Wunused-variable]
  102 |   HAL_StatusTypeDef r = Flash_Read(0x8070000,read_nums,3);
      |                     ^
../Core/Src/main.c:99:21: warning: unused variable 'w' [-Wunused-variable]
   99 |   HAL_StatusTypeDef w = Flash_Write(0x8070000,nums,3);
      |                     ^
arm-none-eabi-gcc -o "flashTest.elf" @"objects.list"   -mcpu=cortex-m4 -T"C:\Users\penne\umsats-flash\flashTest\STM32L452RETX_FLASH.ld" --specs=nosys.specs -Wl,-Map="flashTest.map" -Wl,--gc-sections -static --specs=nano.specs -mfpu=fpv4-sp-d16 -mfloat-abi=hard -mthumb -Wl,--start-group -lc -lm -Wl,--end-group
Finished building target: flashTest.elf
 
arm-none-eabi-size   flashTest.elf 
arm-none-eabi-objdump -h -S  flashTest.elf  > "flashTest.list"
   text	   data	    bss	    dec	    hex	filename
  12700	     52	   1700	  14452	   3874	flashTest.elf
Finished building: default.size.stdout
 
Finished building: flashTest.list
 
14:17:30 **** Incremental Build of configuration Debug for project flashTest ****
make -j6 all 
arm-none-eabi-gcc "../Core/Src/Flash_driver.c" -mcpu=cortex-m4 -std=gnu11 -g3 -DDEBUG -DUSE_HAL_DRIVER -DSTM32L452xx -c -I../Core/Inc -I../Drivers/STM32L4xx_HAL_Driver/Inc -I../Drivers/STM32L4xx_HAL_Driver/Inc/Legacy -I../Drivers/CMSIS/Device/ST/STM32L4xx/Include -I../Drivers/CMSIS/Include -O0 -ffunction-sections -fdata-sections -Wall -fstack-usage -MMD -MP -MF"Core/Src/Flash_driver.d" -MT"Core/Src/Flash_driver.o" --specs=nano.specs -mfpu=fpv4-sp-d16 -mfloat-abi=hard -mthumb -o "Core/Src/Flash_driver.o"
../Core/Src/Flash_driver.c: In function 'Flash_Read':
../Core/Src/Flash_driver.c:9:6: warning: unused variable 'x' [-Wunused-variable]
    9 |  int x;
      |      ^
../Core/Src/Flash_driver.c: In function 'Flash_Erase_Address':
../Core/Src/Flash_driver.c:60:27: warning: initialization of 'uint8_t *' {aka 'unsigned char *'} from 'int' makes pointer from integer without a cast [-Wint-conversion]
   60 |  uint8_t *start_address = start_page * 0x800 + 0x8000000;
      |                           ^~~~~~~~~~
../Core/Src/Flash_driver.c:74:19: warning: initialization of 'uint32_t' {aka 'long unsigned int'} from 'uint8_t *' {aka 'unsigned char *'} makes integer from pointer without a cast [-Wint-conversion]
   74 |  for(uint32_t i = start_address;i<start_address+0x800;i++){
      |                   ^~~~~~~~~~~~~
../Core/Src/Flash_driver.c:74:34: warning: comparison between pointer and integer
   74 |  for(uint32_t i = start_address;i<start_address+0x800;i++){
      |                                  ^
arm-none-eabi-gcc -o "flashTest.elf" @"objects.list"   -mcpu=cortex-m4 -T"C:\Users\penne\umsats-flash\flashTest\STM32L452RETX_FLASH.ld" --specs=nosys.specs -Wl,-Map="flashTest.map" -Wl,--gc-sections -static --specs=nano.specs -mfpu=fpv4-sp-d16 -mfloat-abi=hard -mthumb -Wl,--start-group -lc -lm -Wl,--end-group
Finished building target: flashTest.elf
 
arm-none-eabi-size   flashTest.elf 
arm-none-eabi-objdump -h -S  flashTest.elf  > "flashTest.list"
   text	   data	    bss	    dec	    hex	filename
  12700	     52	   1700	  14452	   3874	flashTest.elf
Finished building: default.size.stdout
 
Finished building: flashTest.list
 
14:20:18 **** Incremental Build of configuration Debug for project flashTest ****
make -j6 all 
arm-none-eabi-gcc "../Core/Src/main.c" -mcpu=cortex-m4 -std=gnu11 -g3 -DDEBUG -DUSE_HAL_DRIVER -DSTM32L452xx -c -I../Core/Inc -I../Drivers/STM32L4xx_HAL_Driver/Inc -I../Drivers/STM32L4xx_HAL_Driver/Inc/Legacy -I../Drivers/CMSIS/Device/ST/STM32L4xx/Include -I../Drivers/CMSIS/Include -O0 -ffunction-sections -fdata-sections -Wall -fstack-usage -MMD -MP -MF"Core/Src/main.d" -MT"Core/Src/main.o" --specs=nano.specs -mfpu=fpv4-sp-d16 -mfloat-abi=hard -mthumb -o "Core/Src/main.o"
../Core/Src/main.c: In function 'main':
../Core/Src/main.c:97:22: warning: unsigned conversion from 'long long int' to 'long unsigned int' changes value from '4886718345' to '591751049' [-Woverflow]
   97 |   uint32_t nums[] = {0x123456789,0xAAAAAAA,0xBBBBBBBB};
      |                      ^~~~~~~~~~~
../Core/Src/main.c:99:47: warning: passing argument 2 of 'Flash_Write' from incompatible pointer type [-Wincompatible-pointer-types]
   99 |   HAL_StatusTypeDef w = Flash_Write(0x8000000,nums,3);
      |                                               ^~~~
      |                                               |
      |                                               uint32_t * {aka long unsigned int *}
In file included from ../Core/Src/main.c:26:
../Core/Inc/Flash_driver.h:12:57: note: expected 'uint8_t *' {aka 'unsigned char *'} but argument is of type 'uint32_t *' {aka 'long unsigned int *'}
   12 | HAL_StatusTypeDef Flash_Write(uint32_t address,uint8_t *buf,size_t num_bytes);
      |                                                ~~~~~~~~~^~~
../Core/Src/main.c:102:46: warning: passing argument 2 of 'Flash_Read' from incompatible pointer type [-Wincompatible-pointer-types]
  102 |   HAL_StatusTypeDef r = Flash_Read(0x8000000,read_nums,3);
      |                                              ^~~~~~~~~
      |                                              |
      |                                              uint32_t * {aka long unsigned int *}
In file included from ../Core/Src/main.c:26:
../Core/Inc/Flash_driver.h:11:56: note: expected 'uint8_t *' {aka 'unsigned char *'} but argument is of type 'uint32_t *' {aka 'long unsigned int *'}
   11 | HAL_StatusTypeDef Flash_Read(uint32_t address,uint8_t *buf,size_t num_bytes);
      |                                               ~~~~~~~~~^~~
../Core/Src/main.c:102:21: warning: unused variable 'r' [-Wunused-variable]
  102 |   HAL_StatusTypeDef r = Flash_Read(0x8000000,read_nums,3);
      |                     ^
../Core/Src/main.c:99:21: warning: unused variable 'w' [-Wunused-variable]
   99 |   HAL_StatusTypeDef w = Flash_Write(0x8000000,nums,3);
      |                     ^
arm-none-eabi-gcc -o "flashTest.elf" @"objects.list"   -mcpu=cortex-m4 -T"C:\Users\penne\umsats-flash\flashTest\STM32L452RETX_FLASH.ld" --specs=nosys.specs -Wl,-Map="flashTest.map" -Wl,--gc-sections -static --specs=nano.specs -mfpu=fpv4-sp-d16 -mfloat-abi=hard -mthumb -Wl,--start-group -lc -lm -Wl,--end-group
Finished building target: flashTest.elf
 
arm-none-eabi-size   flashTest.elf 
arm-none-eabi-objdump -h -S  flashTest.elf  > "flashTest.list"
   text	   data	    bss	    dec	    hex	filename
  12984	     52	   1700	  14736	   3990	flashTest.elf
Finished building: default.size.stdout
 
Finished building: flashTest.list
 
14:20:51 **** Incremental Build of configuration Debug for project flashTest ****
make -j6 all 
arm-none-eabi-gcc "../Core/Src/main.c" -mcpu=cortex-m4 -std=gnu11 -g3 -DDEBUG -DUSE_HAL_DRIVER -DSTM32L452xx -c -I../Core/Inc -I../Drivers/STM32L4xx_HAL_Driver/Inc -I../Drivers/STM32L4xx_HAL_Driver/Inc/Legacy -I../Drivers/CMSIS/Device/ST/STM32L4xx/Include -I../Drivers/CMSIS/Include -O0 -ffunction-sections -fdata-sections -Wall -fstack-usage -MMD -MP -MF"Core/Src/main.d" -MT"Core/Src/main.o" --specs=nano.specs -mfpu=fpv4-sp-d16 -mfloat-abi=hard -mthumb -o "Core/Src/main.o"
../Core/Src/main.c: In function 'main':
../Core/Src/main.c:97:22: warning: unsigned conversion from 'long long int' to 'long unsigned int' changes value from '4886718345' to '591751049' [-Woverflow]
   97 |   uint32_t nums[] = {0x123456789,0xAAAAAAA,0xBBBBBBBB};
      |                      ^~~~~~~~~~~
../Core/Src/main.c:99:47: warning: passing argument 2 of 'Flash_Write' from incompatible pointer type [-Wincompatible-pointer-types]
   99 |   HAL_StatusTypeDef w = Flash_Write(0x8070000,nums,3);
      |                                               ^~~~
      |                                               |
      |                                               uint32_t * {aka long unsigned int *}
In file included from ../Core/Src/main.c:26:
../Core/Inc/Flash_driver.h:12:57: note: expected 'uint8_t *' {aka 'unsigned char *'} but argument is of type 'uint32_t *' {aka 'long unsigned int *'}
   12 | HAL_StatusTypeDef Flash_Write(uint32_t address,uint8_t *buf,size_t num_bytes);
      |                                                ~~~~~~~~~^~~
../Core/Src/main.c:102:46: warning: passing argument 2 of 'Flash_Read' from incompatible pointer type [-Wincompatible-pointer-types]
  102 |   HAL_StatusTypeDef r = Flash_Read(0x8070000,read_nums,3);
      |                                              ^~~~~~~~~
      |                                              |
      |                                              uint32_t * {aka long unsigned int *}
In file included from ../Core/Src/main.c:26:
../Core/Inc/Flash_driver.h:11:56: note: expected 'uint8_t *' {aka 'unsigned char *'} but argument is of type 'uint32_t *' {aka 'long unsigned int *'}
   11 | HAL_StatusTypeDef Flash_Read(uint32_t address,uint8_t *buf,size_t num_bytes);
      |                                               ~~~~~~~~~^~~
../Core/Src/main.c:102:21: warning: unused variable 'r' [-Wunused-variable]
  102 |   HAL_StatusTypeDef r = Flash_Read(0x8070000,read_nums,3);
      |                     ^
../Core/Src/main.c:99:21: warning: unused variable 'w' [-Wunused-variable]
   99 |   HAL_StatusTypeDef w = Flash_Write(0x8070000,nums,3);
      |                     ^
arm-none-eabi-gcc -o "flashTest.elf" @"objects.list"   -mcpu=cortex-m4 -T"C:\Users\penne\umsats-flash\flashTest\STM32L452RETX_FLASH.ld" --specs=nosys.specs -Wl,-Map="flashTest.map" -Wl,--gc-sections -static --specs=nano.specs -mfpu=fpv4-sp-d16 -mfloat-abi=hard -mthumb -Wl,--start-group -lc -lm -Wl,--end-group
Finished building target: flashTest.elf
 
arm-none-eabi-size   flashTest.elf 
arm-none-eabi-objdump -h -S  flashTest.elf  > "flashTest.list"
   text	   data	    bss	    dec	    hex	filename
  12984	     52	   1700	  14736	   3990	flashTest.elf
Finished building: default.size.stdout
 
Finished building: flashTest.list
 
14:22:35 **** Incremental Build of configuration Debug for project flashTest ****
make -j6 all 
arm-none-eabi-gcc "../Core/Src/main.c" -mcpu=cortex-m4 -std=gnu11 -g3 -DDEBUG -DUSE_HAL_DRIVER -DSTM32L452xx -c -I../Core/Inc -I../Drivers/STM32L4xx_HAL_Driver/Inc -I../Drivers/STM32L4xx_HAL_Driver/Inc/Legacy -I../Drivers/CMSIS/Device/ST/STM32L4xx/Include -I../Drivers/CMSIS/Include -O0 -ffunction-sections -fdata-sections -Wall -fstack-usage -MMD -MP -MF"Core/Src/main.d" -MT"Core/Src/main.o" --specs=nano.specs -mfpu=fpv4-sp-d16 -mfloat-abi=hard -mthumb -o "Core/Src/main.o"
../Core/Src/main.c: In function 'main':
../Core/Src/main.c:97:22: warning: unsigned conversion from 'long long int' to 'long unsigned int' changes value from '4886718345' to '591751049' [-Woverflow]
   97 |   uint32_t nums[] = {0x0123456789,0xAAAAAAA,0xBBBBBBBB};
      |                      ^~~~~~~~~~~~
../Core/Src/main.c:99:47: warning: passing argument 2 of 'Flash_Write' from incompatible pointer type [-Wincompatible-pointer-types]
   99 |   HAL_StatusTypeDef w = Flash_Write(0x8070000,nums,3);
      |                                               ^~~~
      |                                               |
      |                                               uint32_t * {aka long unsigned int *}
In file included from ../Core/Src/main.c:26:
../Core/Inc/Flash_driver.h:12:57: note: expected 'uint8_t *' {aka 'unsigned char *'} but argument is of type 'uint32_t *' {aka 'long unsigned int *'}
   12 | HAL_StatusTypeDef Flash_Write(uint32_t address,uint8_t *buf,size_t num_bytes);
      |                                                ~~~~~~~~~^~~
../Core/Src/main.c:102:46: warning: passing argument 2 of 'Flash_Read' from incompatible pointer type [-Wincompatible-pointer-types]
  102 |   HAL_StatusTypeDef r = Flash_Read(0x8070000,read_nums,3);
      |                                              ^~~~~~~~~
      |                                              |
      |                                              uint32_t * {aka long unsigned int *}
In file included from ../Core/Src/main.c:26:
../Core/Inc/Flash_driver.h:11:56: note: expected 'uint8_t *' {aka 'unsigned char *'} but argument is of type 'uint32_t *' {aka 'long unsigned int *'}
   11 | HAL_StatusTypeDef Flash_Read(uint32_t address,uint8_t *buf,size_t num_bytes);
      |                                               ~~~~~~~~~^~~
../Core/Src/main.c:102:21: warning: unused variable 'r' [-Wunused-variable]
  102 |   HAL_StatusTypeDef r = Flash_Read(0x8070000,read_nums,3);
      |                     ^
../Core/Src/main.c:99:21: warning: unused variable 'w' [-Wunused-variable]
   99 |   HAL_StatusTypeDef w = Flash_Write(0x8070000,nums,3);
      |                     ^
arm-none-eabi-gcc -o "flashTest.elf" @"objects.list"   -mcpu=cortex-m4 -T"C:\Users\penne\umsats-flash\flashTest\STM32L452RETX_FLASH.ld" --specs=nosys.specs -Wl,-Map="flashTest.map" -Wl,--gc-sections -static --specs=nano.specs -mfpu=fpv4-sp-d16 -mfloat-abi=hard -mthumb -Wl,--start-group -lc -lm -Wl,--end-group
Finished building target: flashTest.elf
 
arm-none-eabi-size   flashTest.elf 
arm-none-eabi-objdump -h -S  flashTest.elf  > "flashTest.list"
   text	   data	    bss	    dec	    hex	filename
  12984	     52	   1700	  14736	   3990	flashTest.elf
Finished building: default.size.stdout
 
Finished building: flashTest.list
 
14:23:05 **** Incremental Build of configuration Debug for project flashTest ****
make -j6 all 
arm-none-eabi-gcc "../Core/Src/main.c" -mcpu=cortex-m4 -std=gnu11 -g3 -DDEBUG -DUSE_HAL_DRIVER -DSTM32L452xx -c -I../Core/Inc -I../Drivers/STM32L4xx_HAL_Driver/Inc -I../Drivers/STM32L4xx_HAL_Driver/Inc/Legacy -I../Drivers/CMSIS/Device/ST/STM32L4xx/Include -I../Drivers/CMSIS/Include -O0 -ffunction-sections -fdata-sections -Wall -fstack-usage -MMD -MP -MF"Core/Src/main.d" -MT"Core/Src/main.o" --specs=nano.specs -mfpu=fpv4-sp-d16 -mfloat-abi=hard -mthumb -o "Core/Src/main.o"
../Core/Src/main.c: In function 'main':
../Core/Src/main.c:97:22: warning: unsigned conversion from 'long long int' to 'long unsigned int' changes value from '73606195081' to '591751049' [-Woverflow]
   97 |   uint32_t nums[] = {0x1123456789,0xAAAAAAA,0xBBBBBBBB};
      |                      ^~~~~~~~~~~~
../Core/Src/main.c:99:47: warning: passing argument 2 of 'Flash_Write' from incompatible pointer type [-Wincompatible-pointer-types]
   99 |   HAL_StatusTypeDef w = Flash_Write(0x8070000,nums,3);
      |                                               ^~~~
      |                                               |
      |                                               uint32_t * {aka long unsigned int *}
In file included from ../Core/Src/main.c:26:
../Core/Inc/Flash_driver.h:12:57: note: expected 'uint8_t *' {aka 'unsigned char *'} but argument is of type 'uint32_t *' {aka 'long unsigned int *'}
   12 | HAL_StatusTypeDef Flash_Write(uint32_t address,uint8_t *buf,size_t num_bytes);
      |                                                ~~~~~~~~~^~~
../Core/Src/main.c:102:46: warning: passing argument 2 of 'Flash_Read' from incompatible pointer type [-Wincompatible-pointer-types]
  102 |   HAL_StatusTypeDef r = Flash_Read(0x8070000,read_nums,3);
      |                                              ^~~~~~~~~
      |                                              |
      |                                              uint32_t * {aka long unsigned int *}
In file included from ../Core/Src/main.c:26:
../Core/Inc/Flash_driver.h:11:56: note: expected 'uint8_t *' {aka 'unsigned char *'} but argument is of type 'uint32_t *' {aka 'long unsigned int *'}
   11 | HAL_StatusTypeDef Flash_Read(uint32_t address,uint8_t *buf,size_t num_bytes);
      |                                               ~~~~~~~~~^~~
../Core/Src/main.c:102:21: warning: unused variable 'r' [-Wunused-variable]
  102 |   HAL_StatusTypeDef r = Flash_Read(0x8070000,read_nums,3);
      |                     ^
../Core/Src/main.c:99:21: warning: unused variable 'w' [-Wunused-variable]
   99 |   HAL_StatusTypeDef w = Flash_Write(0x8070000,nums,3);
      |                     ^
arm-none-eabi-gcc -o "flashTest.elf" @"objects.list"   -mcpu=cortex-m4 -T"C:\Users\penne\umsats-flash\flashTest\STM32L452RETX_FLASH.ld" --specs=nosys.specs -Wl,-Map="flashTest.map" -Wl,--gc-sections -static --specs=nano.specs -mfpu=fpv4-sp-d16 -mfloat-abi=hard -mthumb -Wl,--start-group -lc -lm -Wl,--end-group
Finished building target: flashTest.elf
 
arm-none-eabi-size   flashTest.elf 
arm-none-eabi-objdump -h -S  flashTest.elf  > "flashTest.list"
   text	   data	    bss	    dec	    hex	filename
  12984	     52	   1700	  14736	   3990	flashTest.elf
Finished building: default.size.stdout
 
Finished building: flashTest.list
 
18:46:08 **** Incremental Build of configuration Debug for project flashTest ****
make -j6 all 
arm-none-eabi-gcc "../Core/Src/Flash_driver.c" -mcpu=cortex-m4 -std=gnu11 -g3 -DDEBUG -DUSE_HAL_DRIVER -DSTM32L452xx -c -I../Core/Inc -I../Drivers/STM32L4xx_HAL_Driver/Inc -I../Drivers/STM32L4xx_HAL_Driver/Inc/Legacy -I../Drivers/CMSIS/Device/ST/STM32L4xx/Include -I../Drivers/CMSIS/Include -O0 -ffunction-sections -fdata-sections -Wall -fstack-usage -MMD -MP -MF"Core/Src/Flash_driver.d" -MT"Core/Src/Flash_driver.o" --specs=nano.specs -mfpu=fpv4-sp-d16 -mfloat-abi=hard -mthumb -o "Core/Src/Flash_driver.o"
../Core/Src/Flash_driver.c: In function 'Flash_Read':
../Core/Src/Flash_driver.c:9:6: warning: unused variable 'x' [-Wunused-variable]
    9 |  int x;
      |      ^
../Core/Src/Flash_driver.c: In function 'Flash_Erase_Address':
../Core/Src/Flash_driver.c:60:27: warning: initialization of 'uint8_t *' {aka 'unsigned char *'} from 'int' makes pointer from integer without a cast [-Wint-conversion]
   60 |  uint8_t *start_address = start_page * 0x800 + 0x8000000;
      |                           ^~~~~~~~~~
../Core/Src/Flash_driver.c:74:19: warning: initialization of 'uint32_t' {aka 'long unsigned int'} from 'uint8_t *' {aka 'unsigned char *'} makes integer from pointer without a cast [-Wint-conversion]
   74 |  for(uint32_t i = start_address;i<start_address+0x800;i++){
      |                   ^~~~~~~~~~~~~
../Core/Src/Flash_driver.c:74:34: warning: comparison between pointer and integer
   74 |  for(uint32_t i = start_address;i<start_address+0x800;i++){
      |                                  ^
arm-none-eabi-gcc -o "flashTest.elf" @"objects.list"   -mcpu=cortex-m4 -T"C:\Users\penne\umsats-flash\flashTest\STM32L452RETX_FLASH.ld" --specs=nosys.specs -Wl,-Map="flashTest.map" -Wl,--gc-sections -static --specs=nano.specs -mfpu=fpv4-sp-d16 -mfloat-abi=hard -mthumb -Wl,--start-group -lc -lm -Wl,--end-group
Finished building target: flashTest.elf
 
arm-none-eabi-size   flashTest.elf 
arm-none-eabi-objdump -h -S  flashTest.elf  > "flashTest.list"
   text	   data	    bss	    dec	    hex	filename
  12988	     52	   1700	  14740	   3994	flashTest.elf
Finished building: default.size.stdout
 
Finished building: flashTest.list
 
18:47:49 **** Incremental Build of configuration Debug for project flashTest ****
make -j6 all 
arm-none-eabi-gcc "../Core/Src/main.c" -mcpu=cortex-m4 -std=gnu11 -g3 -DDEBUG -DUSE_HAL_DRIVER -DSTM32L452xx -c -I../Core/Inc -I../Drivers/STM32L4xx_HAL_Driver/Inc -I../Drivers/STM32L4xx_HAL_Driver/Inc/Legacy -I../Drivers/CMSIS/Device/ST/STM32L4xx/Include -I../Drivers/CMSIS/Include -O0 -ffunction-sections -fdata-sections -Wall -fstack-usage -MMD -MP -MF"Core/Src/main.d" -MT"Core/Src/main.o" --specs=nano.specs -mfpu=fpv4-sp-d16 -mfloat-abi=hard -mthumb -o "Core/Src/main.o"
../Core/Src/main.c: In function 'main':
../Core/Src/main.c:97:22: warning: unsigned conversion from 'long long int' to 'long unsigned int' changes value from '73606195081' to '591751049' [-Woverflow]
   97 |   uint32_t nums[] = {0x1123456789,0xAAAAAAA,0xBBBBBBBB};
      |                      ^~~~~~~~~~~~
../Core/Src/main.c:99:37: warning: unsigned conversion from 'int' to 'uint8_t' {aka 'unsigned char'} changes value from '134676480' to '0' [-Woverflow]
   99 |   HAL_StatusTypeDef w = Flash_Write(0x8070000,nums,3);
      |                                     ^~~~~~~~~
../Core/Src/main.c:99:47: warning: passing argument 2 of 'Flash_Write' from incompatible pointer type [-Wincompatible-pointer-types]
   99 |   HAL_StatusTypeDef w = Flash_Write(0x8070000,nums,3);
      |                                               ^~~~
      |                                               |
      |                                               uint32_t * {aka long unsigned int *}
In file included from ../Core/Src/main.c:26:
../Core/Inc/Flash_driver.h:12:56: note: expected 'uint8_t *' {aka 'unsigned char *'} but argument is of type 'uint32_t *' {aka 'long unsigned int *'}
   12 | HAL_StatusTypeDef Flash_Write(uint8_t address,uint8_t *buf,size_t num_bytes);
      |                                               ~~~~~~~~~^~~
../Core/Src/main.c:102:46: warning: passing argument 2 of 'Flash_Read' from incompatible pointer type [-Wincompatible-pointer-types]
  102 |   HAL_StatusTypeDef r = Flash_Read(0x8070000,read_nums,3);
      |                                              ^~~~~~~~~
      |                                              |
      |                                              uint32_t * {aka long unsigned int *}
In file included from ../Core/Src/main.c:26:
../Core/Inc/Flash_driver.h:11:56: note: expected 'uint8_t *' {aka 'unsigned char *'} but argument is of type 'uint32_t *' {aka 'long unsigned int *'}
   11 | HAL_StatusTypeDef Flash_Read(uint32_t address,uint8_t *buf,size_t num_bytes);
      |                                               ~~~~~~~~~^~~
../Core/Src/main.c:102:21: warning: unused variable 'r' [-Wunused-variable]
  102 |   HAL_StatusTypeDef r = Flash_Read(0x8070000,read_nums,3);
      |                     ^
../Core/Src/main.c:99:21: warning: unused variable 'w' [-Wunused-variable]
   99 |   HAL_StatusTypeDef w = Flash_Write(0x8070000,nums,3);
      |                     ^
arm-none-eabi-gcc -o "flashTest.elf" @"objects.list"   -mcpu=cortex-m4 -T"C:\Users\penne\umsats-flash\flashTest\STM32L452RETX_FLASH.ld" --specs=nosys.specs -Wl,-Map="flashTest.map" -Wl,--gc-sections -static --specs=nano.specs -mfpu=fpv4-sp-d16 -mfloat-abi=hard -mthumb -Wl,--start-group -lc -lm -Wl,--end-group
Finished building target: flashTest.elf
 
arm-none-eabi-size   flashTest.elf 
arm-none-eabi-objdump -h -S  flashTest.elf  > "flashTest.list"
   text	   data	    bss	    dec	    hex	filename
  12988	     52	   1700	  14740	   3994	flashTest.elf
Finished building: default.size.stdout
 
Finished building: flashTest.list
 
18:48:28 **** Incremental Build of configuration Debug for project flashTest ****
make -j6 all 
arm-none-eabi-gcc "../Core/Src/main.c" -mcpu=cortex-m4 -std=gnu11 -g3 -DDEBUG -DUSE_HAL_DRIVER -DSTM32L452xx -c -I../Core/Inc -I../Drivers/STM32L4xx_HAL_Driver/Inc -I../Drivers/STM32L4xx_HAL_Driver/Inc/Legacy -I../Drivers/CMSIS/Device/ST/STM32L4xx/Include -I../Drivers/CMSIS/Include -O0 -ffunction-sections -fdata-sections -Wall -fstack-usage -MMD -MP -MF"Core/Src/main.d" -MT"Core/Src/main.o" --specs=nano.specs -mfpu=fpv4-sp-d16 -mfloat-abi=hard -mthumb -o "Core/Src/main.o"
../Core/Src/main.c: In function 'main':
../Core/Src/main.c:97:21: warning: unsigned conversion from 'long long int' to 'unsigned char' changes value from '73606195081' to '137' [-Woverflow]
   97 |   uint8_t nums[] = {0x1123456789,0xAAAAAAA,0xBBBBBBBB};
      |                     ^~~~~~~~~~~~
../Core/Src/main.c:97:34: warning: unsigned conversion from 'int' to 'unsigned char' changes value from '178956970' to '170' [-Woverflow]
   97 |   uint8_t nums[] = {0x1123456789,0xAAAAAAA,0xBBBBBBBB};
      |                                  ^~~~~~~~~
../Core/Src/main.c:97:44: warning: conversion from 'unsigned int' to 'unsigned char' changes value from '3149642683' to '187' [-Woverflow]
   97 |   uint8_t nums[] = {0x1123456789,0xAAAAAAA,0xBBBBBBBB};
      |                                            ^~~~~~~~~~
../Core/Src/main.c:99:37: warning: unsigned conversion from 'int' to 'uint8_t' {aka 'unsigned char'} changes value from '134676480' to '0' [-Woverflow]
   99 |   HAL_StatusTypeDef w = Flash_Write(0x8070000,nums,3);
      |                                     ^~~~~~~~~
../Core/Src/main.c:102:46: warning: passing argument 2 of 'Flash_Read' from incompatible pointer type [-Wincompatible-pointer-types]
  102 |   HAL_StatusTypeDef r = Flash_Read(0x8070000,read_nums,3);
      |                                              ^~~~~~~~~
      |                                              |
      |                                              uint32_t * {aka long unsigned int *}
In file included from ../Core/Src/main.c:26:
../Core/Inc/Flash_driver.h:11:56: note: expected 'uint8_t *' {aka 'unsigned char *'} but argument is of type 'uint32_t *' {aka 'long unsigned int *'}
   11 | HAL_StatusTypeDef Flash_Read(uint32_t address,uint8_t *buf,size_t num_bytes);
      |                                               ~~~~~~~~~^~~
../Core/Src/main.c:102:21: warning: unused variable 'r' [-Wunused-variable]
  102 |   HAL_StatusTypeDef r = Flash_Read(0x8070000,read_nums,3);
      |                     ^
../Core/Src/main.c:99:21: warning: unused variable 'w' [-Wunused-variable]
   99 |   HAL_StatusTypeDef w = Flash_Write(0x8070000,nums,3);
      |                     ^
arm-none-eabi-gcc -o "flashTest.elf" @"objects.list"   -mcpu=cortex-m4 -T"C:\Users\penne\umsats-flash\flashTest\STM32L452RETX_FLASH.ld" --specs=nosys.specs -Wl,-Map="flashTest.map" -Wl,--gc-sections -static --specs=nano.specs -mfpu=fpv4-sp-d16 -mfloat-abi=hard -mthumb -Wl,--start-group -lc -lm -Wl,--end-group
Finished building target: flashTest.elf
 
arm-none-eabi-size   flashTest.elf 
arm-none-eabi-objdump -h -S  flashTest.elf  > "flashTest.list"
   text	   data	    bss	    dec	    hex	filename
  12984	     52	   1700	  14736	   3990	flashTest.elf
Finished building: default.size.stdout
 
Finished building: flashTest.list
 
18:49:11 **** Incremental Build of configuration Debug for project flashTest ****
make -j6 all 
arm-none-eabi-gcc "../Core/Src/main.c" -mcpu=cortex-m4 -std=gnu11 -g3 -DDEBUG -DUSE_HAL_DRIVER -DSTM32L452xx -c -I../Core/Inc -I../Drivers/STM32L4xx_HAL_Driver/Inc -I../Drivers/STM32L4xx_HAL_Driver/Inc/Legacy -I../Drivers/CMSIS/Device/ST/STM32L4xx/Include -I../Drivers/CMSIS/Include -O0 -ffunction-sections -fdata-sections -Wall -fstack-usage -MMD -MP -MF"Core/Src/main.d" -MT"Core/Src/main.o" --specs=nano.specs -mfpu=fpv4-sp-d16 -mfloat-abi=hard -mthumb -o "Core/Src/main.o"
../Core/Src/main.c: In function 'main':
../Core/Src/main.c:97:21: warning: unsigned conversion from 'long long int' to 'unsigned char' changes value from '73606195081' to '137' [-Woverflow]
   97 |   uint8_t nums[] = {0x1123456789,0xAAAAAAA,0xBBBBBBBB};
      |                     ^~~~~~~~~~~~
../Core/Src/main.c:97:34: warning: unsigned conversion from 'int' to 'unsigned char' changes value from '178956970' to '170' [-Woverflow]
   97 |   uint8_t nums[] = {0x1123456789,0xAAAAAAA,0xBBBBBBBB};
      |                                  ^~~~~~~~~
../Core/Src/main.c:97:44: warning: conversion from 'unsigned int' to 'unsigned char' changes value from '3149642683' to '187' [-Woverflow]
   97 |   uint8_t nums[] = {0x1123456789,0xAAAAAAA,0xBBBBBBBB};
      |                                            ^~~~~~~~~~
../Core/Src/main.c:99:37: warning: unsigned conversion from 'int' to 'uint8_t' {aka 'unsigned char'} changes value from '134737920' to '0' [-Woverflow]
   99 |   HAL_StatusTypeDef w = Flash_Write(0x807f000,nums,3);
      |                                     ^~~~~~~~~
../Core/Src/main.c:102:46: warning: passing argument 2 of 'Flash_Read' from incompatible pointer type [-Wincompatible-pointer-types]
  102 |   HAL_StatusTypeDef r = Flash_Read(0x807f000,read_nums,3);
      |                                              ^~~~~~~~~
      |                                              |
      |                                              uint32_t * {aka long unsigned int *}
In file included from ../Core/Src/main.c:26:
../Core/Inc/Flash_driver.h:11:56: note: expected 'uint8_t *' {aka 'unsigned char *'} but argument is of type 'uint32_t *' {aka 'long unsigned int *'}
   11 | HAL_StatusTypeDef Flash_Read(uint32_t address,uint8_t *buf,size_t num_bytes);
      |                                               ~~~~~~~~~^~~
../Core/Src/main.c:102:21: warning: unused variable 'r' [-Wunused-variable]
  102 |   HAL_StatusTypeDef r = Flash_Read(0x807f000,read_nums,3);
      |                     ^
../Core/Src/main.c:99:21: warning: unused variable 'w' [-Wunused-variable]
   99 |   HAL_StatusTypeDef w = Flash_Write(0x807f000,nums,3);
      |                     ^
arm-none-eabi-gcc -o "flashTest.elf" @"objects.list"   -mcpu=cortex-m4 -T"C:\Users\penne\umsats-flash\flashTest\STM32L452RETX_FLASH.ld" --specs=nosys.specs -Wl,-Map="flashTest.map" -Wl,--gc-sections -static --specs=nano.specs -mfpu=fpv4-sp-d16 -mfloat-abi=hard -mthumb -Wl,--start-group -lc -lm -Wl,--end-group
Finished building target: flashTest.elf
 
arm-none-eabi-size   flashTest.elf 
arm-none-eabi-objdump -h -S  flashTest.elf  > "flashTest.list"
   text	   data	    bss	    dec	    hex	filename
  12984	     52	   1700	  14736	   3990	flashTest.elf
Finished building: default.size.stdout
 
Finished building: flashTest.list
 
18:50:52 **** Incremental Build of configuration Debug for project flashTest ****
make -j6 all 
arm-none-eabi-size   flashTest.elf 
   text	   data	    bss	    dec	    hex	filename
  12984	     52	   1700	  14736	   3990	flashTest.elf
Finished building: default.size.stdout
 
18:51:29 **** Incremental Build of configuration Debug for project flashTest ****
make -j6 all 
arm-none-eabi-size   flashTest.elf 
   text	   data	    bss	    dec	    hex	filename
  12984	     52	   1700	  14736	   3990	flashTest.elf
Finished building: default.size.stdout
 
18:52:45 **** Incremental Build of configuration Debug for project flashTest ****
make -j6 all 
arm-none-eabi-gcc "../Core/Src/Flash_driver.c" -mcpu=cortex-m4 -std=gnu11 -g3 -DDEBUG -DUSE_HAL_DRIVER -DSTM32L452xx -c -I../Core/Inc -I../Drivers/STM32L4xx_HAL_Driver/Inc -I../Drivers/STM32L4xx_HAL_Driver/Inc/Legacy -I../Drivers/CMSIS/Device/ST/STM32L4xx/Include -I../Drivers/CMSIS/Include -O0 -ffunction-sections -fdata-sections -Wall -fstack-usage -MMD -MP -MF"Core/Src/Flash_driver.d" -MT"Core/Src/Flash_driver.o" --specs=nano.specs -mfpu=fpv4-sp-d16 -mfloat-abi=hard -mthumb -o "Core/Src/Flash_driver.o"
arm-none-eabi-gcc "../Core/Src/main.c" -mcpu=cortex-m4 -std=gnu11 -g3 -DDEBUG -DUSE_HAL_DRIVER -DSTM32L452xx -c -I../Core/Inc -I../Drivers/STM32L4xx_HAL_Driver/Inc -I../Drivers/STM32L4xx_HAL_Driver/Inc/Legacy -I../Drivers/CMSIS/Device/ST/STM32L4xx/Include -I../Drivers/CMSIS/Include -O0 -ffunction-sections -fdata-sections -Wall -fstack-usage -MMD -MP -MF"Core/Src/main.d" -MT"Core/Src/main.o" --specs=nano.specs -mfpu=fpv4-sp-d16 -mfloat-abi=hard -mthumb -o "Core/Src/main.o"
../Core/Src/Flash_driver.c: In function 'Flash_Read':
../Core/Src/Flash_driver.c:9:6: warning: unused variable 'x' [-Wunused-variable]
    9 |  int x;
      |      ^
../Core/Src/Flash_driver.c: In function 'Flash_Erase_Address':
../Core/Src/Flash_driver.c:60:27: warning: initialization of 'uint8_t *' {aka 'unsigned char *'} from 'int' makes pointer from integer without a cast [-Wint-conversion]
   60 |  uint8_t *start_address = start_page * 0x800 + 0x8000000;
      |                           ^~~~~~~~~~
../Core/Src/Flash_driver.c:74:19: warning: initialization of 'uint32_t' {aka 'long unsigned int'} from 'uint8_t *' {aka 'unsigned char *'} makes integer from pointer without a cast [-Wint-conversion]
   74 |  for(uint32_t i = start_address;i<start_address+0x800;i++){
      |                   ^~~~~~~~~~~~~
../Core/Src/Flash_driver.c:74:34: warning: comparison between pointer and integer
   74 |  for(uint32_t i = start_address;i<start_address+0x800;i++){
      |                                  ^
../Core/Src/main.c: In function 'main':
../Core/Src/main.c:97:22: warning: unsigned conversion from 'long long int' to 'long unsigned int' changes value from '73606195081' to '591751049' [-Woverflow]
   97 |   uint32_t nums[] = {0x1123456789,0xAAAAAAA,0xBBBBBBBB};
      |                      ^~~~~~~~~~~~
../Core/Src/main.c:99:37: warning: unsigned conversion from 'int' to 'uint8_t' {aka 'unsigned char'} changes value from '134737920' to '0' [-Woverflow]
   99 |   HAL_StatusTypeDef w = Flash_Write(0x807f000,nums,3);
      |                                     ^~~~~~~~~
../Core/Src/main.c:99:47: warning: passing argument 2 of 'Flash_Write' from incompatible pointer type [-Wincompatible-pointer-types]
   99 |   HAL_StatusTypeDef w = Flash_Write(0x807f000,nums,3);
      |                                               ^~~~
      |                                               |
      |                                               uint32_t * {aka long unsigned int *}
In file included from ../Core/Src/main.c:26:
../Core/Inc/Flash_driver.h:12:56: note: expected 'uint8_t *' {aka 'unsigned char *'} but argument is of type 'uint32_t *' {aka 'long unsigned int *'}
   12 | HAL_StatusTypeDef Flash_Write(uint8_t address,uint8_t *buf,size_t num_bytes);
      |                                               ~~~~~~~~~^~~
../Core/Src/main.c:102:46: warning: passing argument 2 of 'Flash_Read' from incompatible pointer type [-Wincompatible-pointer-types]
  102 |   HAL_StatusTypeDef r = Flash_Read(0x807f000,read_nums,3);
      |                                              ^~~~~~~~~
      |                                              |
      |                                              uint32_t * {aka long unsigned int *}
In file included from ../Core/Src/main.c:26:
../Core/Inc/Flash_driver.h:11:56: note: expected 'uint8_t *' {aka 'unsigned char *'} but argument is of type 'uint32_t *' {aka 'long unsigned int *'}
   11 | HAL_StatusTypeDef Flash_Read(uint32_t address,uint8_t *buf,size_t num_bytes);
      |                                               ~~~~~~~~~^~~
../Core/Src/main.c:102:21: warning: unused variable 'r' [-Wunused-variable]
  102 |   HAL_StatusTypeDef r = Flash_Read(0x807f000,read_nums,3);
      |                     ^
../Core/Src/main.c:99:21: warning: unused variable 'w' [-Wunused-variable]
   99 |   HAL_StatusTypeDef w = Flash_Write(0x807f000,nums,3);
      |                     ^
arm-none-eabi-gcc -o "flashTest.elf" @"objects.list"   -mcpu=cortex-m4 -T"C:\Users\penne\umsats-flash\flashTest\STM32L452RETX_FLASH.ld" --specs=nosys.specs -Wl,-Map="flashTest.map" -Wl,--gc-sections -static --specs=nano.specs -mfpu=fpv4-sp-d16 -mfloat-abi=hard -mthumb -Wl,--start-group -lc -lm -Wl,--end-group
Finished building target: flashTest.elf
 
arm-none-eabi-size   flashTest.elf 
arm-none-eabi-objdump -h -S  flashTest.elf  > "flashTest.list"
   text	   data	    bss	    dec	    hex	filename
  12984	     52	   1700	  14736	   3990	flashTest.elf
Finished building: default.size.stdout
 
[...]
In file included from ../Core/Src/main.c:26:
../Core/Inc/Flash_driver.h:12:40: note: expected 'uint32_t' {aka 'long unsigned int'} but argument is of type 'uint32_t *' {aka 'long unsigned int *'}
   12 | HAL_StatusTypeDef Flash_Write(uint32_t address,uint8_t *buf,size_t num_chars);
      |                               ~~~~~~~~~^~~~~~~
../Core/Src/main.c:97:51: warning: pointer targets in passing argument 2 of 'Flash_Write' differ in signedness [-Wpointer-sign]
   97 |   HAL_StatusTypeDef w = Flash_Write(start_address,nums,strlen(nums));
      |                                                   ^~~~
      |                                                   |
      |                                                   char *
In file included from ../Core/Src/main.c:26:
../Core/Inc/Flash_driver.h:12:57: note: expected 'uint8_t *' {aka 'unsigned char *'} but argument is of type 'char *'
   12 | HAL_StatusTypeDef Flash_Write(uint32_t address,uint8_t *buf,size_t num_chars);
      |                                                ~~~~~~~~~^~~
../Core/Src/main.c:99:36: warning: passing argument 1 of 'Flash_Read' makes integer from pointer without a cast [-Wint-conversion]
   99 |   HAL_StatusTypeDef r = Flash_Read(start_address,nums2,strlen(nums));
      |                                    ^~~~~~~~~~~~~
      |                                    |
      |                                    uint32_t * {aka long unsigned int *}
In file included from ../Core/Src/main.c:26:
../Core/Inc/Flash_driver.h:11:39: note: expected 'uint32_t' {aka 'long unsigned int'} but argument is of type 'uint32_t *' {aka 'long unsigned int *'}
   11 | HAL_StatusTypeDef Flash_Read(uint32_t address,uint8_t *buf,size_t num_chars);
      |                              ~~~~~~~~~^~~~~~~
../Core/Src/main.c:99:50: warning: pointer targets in passing argument 2 of 'Flash_Read' differ in signedness [-Wpointer-sign]
   99 |   HAL_StatusTypeDef r = Flash_Read(start_address,nums2,strlen(nums));
      |                                                  ^~~~~
      |                                                  |
      |                                                  char *
In file included from ../Core/Src/main.c:26:
../Core/Inc/Flash_driver.h:11:56: note: expected 'uint8_t *' {aka 'unsigned char *'} but argument is of type 'char *'
   11 | HAL_StatusTypeDef Flash_Read(uint32_t address,uint8_t *buf,size_t num_chars);
      |                                               ~~~~~~~~~^~~
../Core/Src/main.c:99:21: warning: unused variable 'r' [-Wunused-variable]
   99 |   HAL_StatusTypeDef r = Flash_Read(start_address,nums2,strlen(nums));
      |                     ^
../Core/Src/main.c:97:21: warning: unused variable 'w' [-Wunused-variable]
   97 |   HAL_StatusTypeDef w = Flash_Write(start_address,nums,strlen(nums));
      |                     ^
arm-none-eabi-gcc -o "flashTest.elf" @"objects.list"   -mcpu=cortex-m4 -T"C:\Users\penne\umsats-flash\flashTest\STM32L452RETX_FLASH.ld" --specs=nosys.specs -Wl,-Map="flashTest.map" -Wl,--gc-sections -static --specs=nano.specs -mfpu=fpv4-sp-d16 -mfloat-abi=hard -mthumb -Wl,--start-group -lc -lm -Wl,--end-group
Finished building target: flashTest.elf
 
arm-none-eabi-size   flashTest.elf 
arm-none-eabi-objdump -h -S  flashTest.elf  > "flashTest.list"
   text	   data	    bss	    dec	    hex	filename
  13604	     52	   1700	  15356	   3bfc	flashTest.elf
Finished building: default.size.stdout
 
Finished building: flashTest.list
 
12:09:24 **** Incremental Build of configuration Debug for project flashTest ****
make -j6 all 
arm-none-eabi-gcc "../Core/Src/main.c" -mcpu=cortex-m4 -std=gnu11 -g3 -DDEBUG -DUSE_HAL_DRIVER -DSTM32L452xx -c -I../Core/Inc -I../Drivers/STM32L4xx_HAL_Driver/Inc -I../Drivers/STM32L4xx_HAL_Driver/Inc/Legacy -I../Drivers/CMSIS/Device/ST/STM32L4xx/Include -I../Drivers/CMSIS/Include -O0 -ffunction-sections -fdata-sections -Wall -fstack-usage -fcyclomatic-complexity -MMD -MP -MF"Core/Src/main.d" -MT"Core/Src/main.o" --specs=nano.specs -mfpu=fpv4-sp-d16 -mfloat-abi=hard -mthumb -o "Core/Src/main.o"
../Core/Src/main.c: In function 'main':
../Core/Src/main.c:97:57: warning: implicit declaration of function 'strlen' [-Wimplicit-function-declaration]
   97 |   HAL_StatusTypeDef w = Flash_Write(*start_address,nums,strlen(nums));
      |                                                         ^~~~~~
../Core/Src/main.c:27:1: note: include '<string.h>' or provide a declaration of 'strlen'
   26 | #include "Flash_driver.h"
  +++ |+#include <string.h>
   27 | 
../Core/Src/main.c:97:57: warning: incompatible implicit declaration of built-in function 'strlen' [-Wbuiltin-declaration-mismatch]
   97 |   HAL_StatusTypeDef w = Flash_Write(*start_address,nums,strlen(nums));
      |                                                         ^~~~~~
../Core/Src/main.c:97:57: note: include '<string.h>' or provide a declaration of 'strlen'
../Core/Src/main.c:97:52: warning: pointer targets in passing argument 2 of 'Flash_Write' differ in signedness [-Wpointer-sign]
   97 |   HAL_StatusTypeDef w = Flash_Write(*start_address,nums,strlen(nums));
      |                                                    ^~~~
      |                                                    |
      |                                                    char *
In file included from ../Core/Src/main.c:26:
../Core/Inc/Flash_driver.h:12:57: note: expected 'uint8_t *' {aka 'unsigned char *'} but argument is of type 'char *'
   12 | HAL_StatusTypeDef Flash_Write(uint32_t address,uint8_t *buf,size_t num_chars);
      |                                                ~~~~~~~~~^~~
../Core/Src/main.c:99:36: warning: passing argument 1 of 'Flash_Read' makes integer from pointer without a cast [-Wint-conversion]
   99 |   HAL_StatusTypeDef r = Flash_Read(start_address,nums2,strlen(nums));
      |                                    ^~~~~~~~~~~~~
      |                                    |
      |                                    uint32_t * {aka long unsigned int *}
In file included from ../Core/Src/main.c:26:
../Core/Inc/Flash_driver.h:11:39: note: expected 'uint32_t' {aka 'long unsigned int'} but argument is of type 'uint32_t *' {aka 'long unsigned int *'}
   11 | HAL_StatusTypeDef Flash_Read(uint32_t address,uint8_t *buf,size_t num_chars);
      |                              ~~~~~~~~~^~~~~~~
../Core/Src/main.c:99:50: warning: pointer targets in passing argument 2 of 'Flash_Read' differ in signedness [-Wpointer-sign]
   99 |   HAL_StatusTypeDef r = Flash_Read(start_address,nums2,strlen(nums));
      |                                                  ^~~~~
      |                                                  |
      |                                                  char *
In file included from ../Core/Src/main.c:26:
../Core/Inc/Flash_driver.h:11:56: note: expected 'uint8_t *' {aka 'unsigned char *'} but argument is of type 'char *'
   11 | HAL_StatusTypeDef Flash_Read(uint32_t address,uint8_t *buf,size_t num_chars);
      |                                               ~~~~~~~~~^~~
../Core/Src/main.c:99:21: warning: unused variable 'r' [-Wunused-variable]
   99 |   HAL_StatusTypeDef r = Flash_Read(start_address,nums2,strlen(nums));
      |                     ^
../Core/Src/main.c:97:21: warning: unused variable 'w' [-Wunused-variable]
   97 |   HAL_StatusTypeDef w = Flash_Write(*start_address,nums,strlen(nums));
      |                     ^
arm-none-eabi-gcc -o "flashTest.elf" @"objects.list"   -mcpu=cortex-m4 -T"C:\Users\penne\umsats-flash\flashTest\STM32L452RETX_FLASH.ld" --specs=nosys.specs -Wl,-Map="flashTest.map" -Wl,--gc-sections -static --specs=nano.specs -mfpu=fpv4-sp-d16 -mfloat-abi=hard -mthumb -Wl,--start-group -lc -lm -Wl,--end-group
Finished building target: flashTest.elf
 
arm-none-eabi-size   flashTest.elf 
arm-none-eabi-objdump -h -S  flashTest.elf  > "flashTest.list"
   text	   data	    bss	    dec	    hex	filename
  13608	     52	   1700	  15360	   3c00	flashTest.elf
Finished building: default.size.stdout
 
Finished building: flashTest.list
 
12:10:11 **** Incremental Build of configuration Debug for project flashTest ****
make -j6 all 
arm-none-eabi-gcc "../Core/Src/main.c" -mcpu=cortex-m4 -std=gnu11 -g3 -DDEBUG -DUSE_HAL_DRIVER -DSTM32L452xx -c -I../Core/Inc -I../Drivers/STM32L4xx_HAL_Driver/Inc -I../Drivers/STM32L4xx_HAL_Driver/Inc/Legacy -I../Drivers/CMSIS/Device/ST/STM32L4xx/Include -I../Drivers/CMSIS/Include -O0 -ffunction-sections -fdata-sections -Wall -fstack-usage -fcyclomatic-complexity -MMD -MP -MF"Core/Src/main.d" -MT"Core/Src/main.o" --specs=nano.specs -mfpu=fpv4-sp-d16 -mfloat-abi=hard -mthumb -o "Core/Src/main.o"
../Core/Src/main.c: In function 'main':
../Core/Src/main.c:97:56: warning: implicit declaration of function 'strlen' [-Wimplicit-function-declaration]
   97 |   HAL_StatusTypeDef w = Flash_Write(start_address,nums,strlen(nums));
      |                                                        ^~~~~~
../Core/Src/main.c:27:1: note: include '<string.h>' or provide a declaration of 'strlen'
   26 | #include "Flash_driver.h"
  +++ |+#include <string.h>
   27 | 
../Core/Src/main.c:97:56: warning: incompatible implicit declaration of built-in function 'strlen' [-Wbuiltin-declaration-mismatch]
   97 |   HAL_StatusTypeDef w = Flash_Write(start_address,nums,strlen(nums));
      |                                                        ^~~~~~
../Core/Src/main.c:97:56: note: include '<string.h>' or provide a declaration of 'strlen'
../Core/Src/main.c:97:37: warning: passing argument 1 of 'Flash_Write' makes integer from pointer without a cast [-Wint-conversion]
   97 |   HAL_StatusTypeDef w = Flash_Write(start_address,nums,strlen(nums));
      |                                     ^~~~~~~~~~~~~
      |                                     |
      |                                     uint32_t * {aka long unsigned int *}
In file included from ../Core/Src/main.c:26:
../Core/Inc/Flash_driver.h:12:40: note: expected 'uint32_t' {aka 'long unsigned int'} but argument is of type 'uint32_t *' {aka 'long unsigned int *'}
   12 | HAL_StatusTypeDef Flash_Write(uint32_t address,uint8_t *buf,size_t num_chars);
      |                               ~~~~~~~~~^~~~~~~
../Core/Src/main.c:97:51: warning: pointer targets in passing argument 2 of 'Flash_Write' differ in signedness [-Wpointer-sign]
   97 |   HAL_StatusTypeDef w = Flash_Write(start_address,nums,strlen(nums));
      |                                                   ^~~~
      |                                                   |
      |                                                   char *
In file included from ../Core/Src/main.c:26:
../Core/Inc/Flash_driver.h:12:57: note: expected 'uint8_t *' {aka 'unsigned char *'} but argument is of type 'char *'
   12 | HAL_StatusTypeDef Flash_Write(uint32_t address,uint8_t *buf,size_t num_chars);
      |                                                ~~~~~~~~~^~~
../Core/Src/main.c:99:36: warning: passing argument 1 of 'Flash_Read' makes integer from pointer without a cast [-Wint-conversion]
   99 |   HAL_StatusTypeDef r = Flash_Read(start_address,nums2,strlen(nums));
      |                                    ^~~~~~~~~~~~~
      |                                    |
      |                                    uint32_t * {aka long unsigned int *}
In file included from ../Core/Src/main.c:26:
../Core/Inc/Flash_driver.h:11:39: note: expected 'uint32_t' {aka 'long unsigned int'} but argument is of type 'uint32_t *' {aka 'long unsigned int *'}
   11 | HAL_StatusTypeDef Flash_Read(uint32_t address,uint8_t *buf,size_t num_chars);
      |                              ~~~~~~~~~^~~~~~~
../Core/Src/main.c:99:50: warning: pointer targets in passing argument 2 of 'Flash_Read' differ in signedness [-Wpointer-sign]
   99 |   HAL_StatusTypeDef r = Flash_Read(start_address,nums2,strlen(nums));
      |                                                  ^~~~~
      |                                                  |
      |                                                  char *
In file included from ../Core/Src/main.c:26:
../Core/Inc/Flash_driver.h:11:56: note: expected 'uint8_t *' {aka 'unsigned char *'} but argument is of type 'char *'
   11 | HAL_StatusTypeDef Flash_Read(uint32_t address,uint8_t *buf,size_t num_chars);
      |                                               ~~~~~~~~~^~~
../Core/Src/main.c:99:21: warning: unused variable 'r' [-Wunused-variable]
   99 |   HAL_StatusTypeDef r = Flash_Read(start_address,nums2,strlen(nums));
      |                     ^
../Core/Src/main.c:97:21: warning: unused variable 'w' [-Wunused-variable]
   97 |   HAL_StatusTypeDef w = Flash_Write(start_address,nums,strlen(nums));
      |                     ^
arm-none-eabi-gcc -o "flashTest.elf" @"objects.list"   -mcpu=cortex-m4 -T"C:\Users\penne\umsats-flash\flashTest\STM32L452RETX_FLASH.ld" --specs=nosys.specs -Wl,-Map="flashTest.map" -Wl,--gc-sections -static --specs=nano.specs -mfpu=fpv4-sp-d16 -mfloat-abi=hard -mthumb -Wl,--start-group -lc -lm -Wl,--end-group
Finished building target: flashTest.elf
 
arm-none-eabi-size   flashTest.elf 
arm-none-eabi-objdump -h -S  flashTest.elf  > "flashTest.list"
   text	   data	    bss	    dec	    hex	filename
  13604	     52	   1700	  15356	   3bfc	flashTest.elf
Finished building: default.size.stdout
 
Finished building: flashTest.list
 
12:11:40 **** Incremental Build of configuration Debug for project flashTest ****
make -j6 all 
arm-none-eabi-size   flashTest.elf 
   text	   data	    bss	    dec	    hex	filename
  13604	     52	   1700	  15356	   3bfc	flashTest.elf
Finished building: default.size.stdout
 
12:13:15 **** Incremental Build of configuration Debug for project flashTest ****
make -j6 all 
arm-none-eabi-size   flashTest.elf 
   text	   data	    bss	    dec	    hex	filename
  13604	     52	   1700	  15356	   3bfc	flashTest.elf
Finished building: default.size.stdout
 
12:15:23 **** Incremental Build of configuration Debug for project flashTest ****
make -j6 all 
arm-none-eabi-gcc "../Core/Src/main.c" -mcpu=cortex-m4 -std=gnu11 -g3 -DDEBUG -DUSE_HAL_DRIVER -DSTM32L452xx -c -I../Core/Inc -I../Drivers/STM32L4xx_HAL_Driver/Inc -I../Drivers/STM32L4xx_HAL_Driver/Inc/Legacy -I../Drivers/CMSIS/Device/ST/STM32L4xx/Include -I../Drivers/CMSIS/Include -O0 -ffunction-sections -fdata-sections -Wall -fstack-usage -fcyclomatic-complexity -MMD -MP -MF"Core/Src/main.d" -MT"Core/Src/main.o" --specs=nano.specs -mfpu=fpv4-sp-d16 -mfloat-abi=hard -mthumb -o "Core/Src/main.o"
../Core/Src/main.c: In function 'main':
../Core/Src/main.c:95:42: warning: passing argument 1 of 'Flash_Address_To_Page' makes integer from pointer without a cast [-Wint-conversion]
   95 |   Flash_Erase_Page(Flash_Address_To_Page(start_address),1);
      |                                          ^~~~~~~~~~~~~
      |                                          |
      |                                          uint32_t * {aka long unsigned int *}
In file included from ../Core/Src/main.c:26:
../Core/Inc/Flash_driver.h:16:40: note: expected 'uint32_t' {aka 'long unsigned int'} but argument is of type 'uint32_t *' {aka 'long unsigned int *'}
   16 | uint8_t Flash_Address_To_Page(uint32_t address);
      |                               ~~~~~~~~~^~~~~~~
../Core/Src/main.c:97:56: warning: implicit declaration of function 'strlen' [-Wimplicit-function-declaration]
   97 |   HAL_StatusTypeDef w = Flash_Write(start_address,nums,strlen(nums));
      |                                                        ^~~~~~
../Core/Src/main.c:27:1: note: include '<string.h>' or provide a declaration of 'strlen'
   26 | #include "Flash_driver.h"
  +++ |+#include <string.h>
   27 | 
../Core/Src/main.c:97:56: warning: incompatible implicit declaration of built-in function 'strlen' [-Wbuiltin-declaration-mismatch]
   97 |   HAL_StatusTypeDef w = Flash_Write(start_address,nums,strlen(nums));
      |                                                        ^~~~~~
../Core/Src/main.c:97:56: note: include '<string.h>' or provide a declaration of 'strlen'
../Core/Src/main.c:97:37: warning: passing argument 1 of 'Flash_Write' makes integer from pointer without a cast [-Wint-conversion]
   97 |   HAL_StatusTypeDef w = Flash_Write(start_address,nums,strlen(nums));
      |                                     ^~~~~~~~~~~~~
      |                                     |
      |                                     uint32_t * {aka long unsigned int *}
In file included from ../Core/Src/main.c:26:
../Core/Inc/Flash_driver.h:12:40: note: expected 'uint32_t' {aka 'long unsigned int'} but argument is of type 'uint32_t *' {aka 'long unsigned int *'}
   12 | HAL_StatusTypeDef Flash_Write(uint32_t address,uint8_t *buf,size_t num_chars);
      |                               ~~~~~~~~~^~~~~~~
../Core/Src/main.c:97:51: warning: pointer targets in passing argument 2 of 'Flash_Write' differ in signedness [-Wpointer-sign]
   97 |   HAL_StatusTypeDef w = Flash_Write(start_address,nums,strlen(nums));
      |                                                   ^~~~
      |                                                   |
      |                                                   char *
In file included from ../Core/Src/main.c:26:
../Core/Inc/Flash_driver.h:12:57: note: expected 'uint8_t *' {aka 'unsigned char *'} but argument is of type 'char *'
   12 | HAL_StatusTypeDef Flash_Write(uint32_t address,uint8_t *buf,size_t num_chars);
      |                                                ~~~~~~~~~^~~
../Core/Src/main.c:99:36: warning: passing argument 1 of 'Flash_Read' makes integer from pointer without a cast [-Wint-conversion]
   99 |   HAL_StatusTypeDef r = Flash_Read(start_address,nums2,strlen(nums));
      |                                    ^~~~~~~~~~~~~
      |                                    |
      |                                    uint32_t * {aka long unsigned int *}
In file included from ../Core/Src/main.c:26:
../Core/Inc/Flash_driver.h:11:39: note: expected 'uint32_t' {aka 'long unsigned int'} but argument is of type 'uint32_t *' {aka 'long unsigned int *'}
   11 | HAL_StatusTypeDef Flash_Read(uint32_t address,uint8_t *buf,size_t num_chars);
      |                              ~~~~~~~~~^~~~~~~
../Core/Src/main.c:99:50: warning: pointer targets in passing argument 2 of 'Flash_Read' differ in signedness [-Wpointer-sign]
   99 |   HAL_StatusTypeDef r = Flash_Read(start_address,nums2,strlen(nums));
      |                                                  ^~~~~
      |                                                  |
      |                                                  char *
In file included from ../Core/Src/main.c:26:
../Core/Inc/Flash_driver.h:11:56: note: expected 'uint8_t *' {aka 'unsigned char *'} but argument is of type 'char *'
   11 | HAL_StatusTypeDef Flash_Read(uint32_t address,uint8_t *buf,size_t num_chars);
      |                                               ~~~~~~~~~^~~
../Core/Src/main.c:99:21: warning: unused variable 'r' [-Wunused-variable]
   99 |   HAL_StatusTypeDef r = Flash_Read(start_address,nums2,strlen(nums));
      |                     ^
../Core/Src/main.c:97:21: warning: unused variable 'w' [-Wunused-variable]
   97 |   HAL_StatusTypeDef w = Flash_Write(start_address,nums,strlen(nums));
      |                     ^
arm-none-eabi-gcc -o "flashTest.elf" @"objects.list"   -mcpu=cortex-m4 -T"C:\Users\penne\umsats-flash\flashTest\STM32L452RETX_FLASH.ld" --specs=nosys.specs -Wl,-Map="flashTest.map" -Wl,--gc-sections -static --specs=nano.specs -mfpu=fpv4-sp-d16 -mfloat-abi=hard -mthumb -Wl,--start-group -lc -lm -Wl,--end-group
Finished building target: flashTest.elf
 
arm-none-eabi-size   flashTest.elf 
arm-none-eabi-objdump -h -S  flashTest.elf  > "flashTest.list"
   text	   data	    bss	    dec	    hex	filename
  13604	     52	   1700	  15356	   3bfc	flashTest.elf
Finished building: default.size.stdout
 
Finished building: flashTest.list
 
