17:40:37 **** Incremental Build of configuration Debug for project flashTest ****
make -j6 all 
arm-none-eabi-gcc "../Core/Src/Flash_driver.c" -mcpu=cortex-m4 -std=gnu11 -g3 -DDEBUG -DUSE_HAL_DRIVER -DSTM32L452xx -c -I../Core/Inc -I../Drivers/STM32L4xx_HAL_Driver/Inc -I../Drivers/STM32L4xx_HAL_Driver/Inc/Legacy -I../Drivers/CMSIS/Device/ST/STM32L4xx/Include -I../Drivers/CMSIS/Include -O0 -ffunction-sections -fdata-sections -Wall -fstack-usage -MMD -MP -MF"Core/Src/Flash_driver.d" -MT"Core/Src/Flash_driver.o" --specs=nano.specs -mfpu=fpv4-sp-d16 -mfloat-abi=hard -mthumb -o "Core/Src/Flash_driver.o"
../Core/Src/Flash_driver.c: In function 'Flash_Read':
../Core/Src/Flash_driver.c:14:40: warning: implicit declaration of function 'pow' [-Wimplicit-function-declaration]
   14 |    num+=address_pointer[i*8+j]%0x100 * pow(0x10,j);
      |                                        ^~~
../Core/Src/Flash_driver.c:14:40: warning: incompatible implicit declaration of built-in function 'pow'
../Core/Src/Flash_driver.c:2:1: note: include '<math.h>' or provide a declaration of 'pow'
    1 | #include "stm32l4xx.h"
  +++ |+#include <math.h>
    2 | HAL_StatusTypeDef Flash_Read(uint32_t address,uint8_t *buf,size_t num_bytes){
../Core/Src/Flash_driver.c:17:33: warning: incompatible implicit declaration of built-in function 'pow'
   17 |    buf[i * 4 + k] = num / (int) pow(0x100,k) % 0x100;
      |                                 ^~~
../Core/Src/Flash_driver.c:17:33: note: include '<math.h>' or provide a declaration of 'pow'
../Core/Src/Flash_driver.c:9:6: warning: unused variable 'x' [-Wunused-variable]
    9 |  int x;
      |      ^
../Core/Src/Flash_driver.c: In function 'Flash_Erase_Address':
../Core/Src/Flash_driver.c:61:27: warning: initialization of 'uint8_t *' {aka 'unsigned char *'} from 'int' makes pointer from integer without a cast [-Wint-conversion]
   61 |  uint8_t *start_address = start_page * 0x800 + 0x8000000;
      |                           ^~~~~~~~~~
../Core/Src/Flash_driver.c:75:19: warning: initialization of 'uint32_t' {aka 'long unsigned int'} from 'uint8_t *' {aka 'unsigned char *'} makes integer from pointer without a cast [-Wint-conversion]
   75 |  for(uint32_t i = start_address;i<start_address+0x800;i++){
      |                   ^~~~~~~~~~~~~
../Core/Src/Flash_driver.c:75:34: warning: comparison between pointer and integer
   75 |  for(uint32_t i = start_address;i<start_address+0x800;i++){
      |                                  ^
arm-none-eabi-gcc -o "flashTest.elf" @"objects.list"   -mcpu=cortex-m4 -T"C:\Users\penne\umsats-flash\flashTest\STM32L452RETX_FLASH.ld" --specs=nosys.specs -Wl,-Map="flashTest.map" -Wl,--gc-sections -static --specs=nano.specs -mfpu=fpv4-sp-d16 -mfloat-abi=hard -mthumb -Wl,--start-group -lc -lm -Wl,--end-group
Finished building target: flashTest.elf
 
arm-none-eabi-size   flashTest.elf 
arm-none-eabi-objdump -h -S  flashTest.elf  > "flashTest.list"
   text	   data	    bss	    dec	    hex	filename
  19248	    152	   1704	  21104	   5270	flashTest.elf
Finished building: default.size.stdout
 
Finished building: flashTest.list
 
17:40:45 **** Incremental Build of configuration Debug for project flashTest ****
make -j6 all 
arm-none-eabi-size   flashTest.elf 
   text	   data	    bss	    dec	    hex	filename
  19248	    152	   1704	  21104	   5270	flashTest.elf
Finished building: default.size.stdout
 
17:41:06 **** Incremental Build of configuration Debug for project flashTest ****
make -j6 all 
arm-none-eabi-size   flashTest.elf 
   text	   data	    bss	    dec	    hex	filename
  19248	    152	   1704	  21104	   5270	flashTest.elf
Finished building: default.size.stdout
 
17:43:49 **** Incremental Build of configuration Debug for project flashTest ****
make -j6 all 
arm-none-eabi-gcc "../Core/Src/Flash_driver.c" -mcpu=cortex-m4 -std=gnu11 -g3 -DDEBUG -DUSE_HAL_DRIVER -DSTM32L452xx -c -I../Core/Inc -I../Drivers/STM32L4xx_HAL_Driver/Inc -I../Drivers/STM32L4xx_HAL_Driver/Inc/Legacy -I../Drivers/CMSIS/Device/ST/STM32L4xx/Include -I../Drivers/CMSIS/Include -O0 -ffunction-sections -fdata-sections -Wall -fstack-usage -MMD -MP -MF"Core/Src/Flash_driver.d" -MT"Core/Src/Flash_driver.o" --specs=nano.specs -mfpu=fpv4-sp-d16 -mfloat-abi=hard -mthumb -o "Core/Src/Flash_driver.o"
../Core/Src/Flash_driver.c: In function 'Flash_Read':
../Core/Src/Flash_driver.c:14:39: warning: implicit declaration of function 'pow' [-Wimplicit-function-declaration]
   14 |    num=address_pointer[i*8+j]%0x100 * pow(0x10,j);
      |                                       ^~~
../Core/Src/Flash_driver.c:14:39: warning: incompatible implicit declaration of built-in function 'pow'
../Core/Src/Flash_driver.c:2:1: note: include '<math.h>' or provide a declaration of 'pow'
    1 | #include "stm32l4xx.h"
  +++ |+#include <math.h>
    2 | HAL_StatusTypeDef Flash_Read(uint32_t address,uint8_t *buf,size_t num_bytes){
../Core/Src/Flash_driver.c:9:6: warning: unused variable 'x' [-Wunused-variable]
    9 |  int x;
      |      ^
../Core/Src/Flash_driver.c: In function 'Flash_Erase_Address':
../Core/Src/Flash_driver.c:62:27: warning: initialization of 'uint8_t *' {aka 'unsigned char *'} from 'int' makes pointer from integer without a cast [-Wint-conversion]
   62 |  uint8_t *start_address = start_page * 0x800 + 0x8000000;
      |                           ^~~~~~~~~~
../Core/Src/Flash_driver.c:76:19: warning: initialization of 'uint32_t' {aka 'long unsigned int'} from 'uint8_t *' {aka 'unsigned char *'} makes integer from pointer without a cast [-Wint-conversion]
   76 |  for(uint32_t i = start_address;i<start_address+0x800;i++){
      |                   ^~~~~~~~~~~~~
../Core/Src/Flash_driver.c:76:34: warning: comparison between pointer and integer
   76 |  for(uint32_t i = start_address;i<start_address+0x800;i++){
      |                                  ^
arm-none-eabi-gcc -o "flashTest.elf" @"objects.list"   -mcpu=cortex-m4 -T"C:\Users\penne\umsats-flash\flashTest\STM32L452RETX_FLASH.ld" --specs=nosys.specs -Wl,-Map="flashTest.map" -Wl,--gc-sections -static --specs=nano.specs -mfpu=fpv4-sp-d16 -mfloat-abi=hard -mthumb -Wl,--start-group -lc -lm -Wl,--end-group
Finished building target: flashTest.elf
 
arm-none-eabi-size   flashTest.elf 
arm-none-eabi-objdump -h -S  flashTest.elf  > "flashTest.list"
   text	   data	    bss	    dec	    hex	filename
  19072	    152	   1704	  20928	   51c0	flashTest.elf
Finished building: default.size.stdout
 
Finished building: flashTest.list
 
17:44:36 **** Incremental Build of configuration Debug for project flashTest ****
make -j6 all 
arm-none-eabi-size   flashTest.elf 
   text	   data	    bss	    dec	    hex	filename
  19072	    152	   1704	  20928	   51c0	flashTest.elf
Finished building: default.size.stdout
 
17:45:44 **** Incremental Build of configuration Debug for project flashTest ****
make -j6 all 
arm-none-eabi-gcc "../Core/Src/Flash_driver.c" -mcpu=cortex-m4 -std=gnu11 -g3 -DDEBUG -DUSE_HAL_DRIVER -DSTM32L452xx -c -I../Core/Inc -I../Drivers/STM32L4xx_HAL_Driver/Inc -I../Drivers/STM32L4xx_HAL_Driver/Inc/Legacy -I../Drivers/CMSIS/Device/ST/STM32L4xx/Include -I../Drivers/CMSIS/Include -O0 -ffunction-sections -fdata-sections -Wall -fstack-usage -MMD -MP -MF"Core/Src/Flash_driver.d" -MT"Core/Src/Flash_driver.o" --specs=nano.specs -mfpu=fpv4-sp-d16 -mfloat-abi=hard -mthumb -o "Core/Src/Flash_driver.o"
../Core/Src/Flash_driver.c: In function 'Flash_Read':
../Core/Src/Flash_driver.c:9:6: warning: unused variable 'x' [-Wunused-variable]
    9 |  int x;
      |      ^
../Core/Src/Flash_driver.c: In function 'Flash_Erase_Address':
../Core/Src/Flash_driver.c:62:27: warning: initialization of 'uint8_t *' {aka 'unsigned char *'} from 'int' makes pointer from integer without a cast [-Wint-conversion]
   62 |  uint8_t *start_address = start_page * 0x800 + 0x8000000;
      |                           ^~~~~~~~~~
../Core/Src/Flash_driver.c:76:19: warning: initialization of 'uint32_t' {aka 'long unsigned int'} from 'uint8_t *' {aka 'unsigned char *'} makes integer from pointer without a cast [-Wint-conversion]
   76 |  for(uint32_t i = start_address;i<start_address+0x800;i++){
      |                   ^~~~~~~~~~~~~
../Core/Src/Flash_driver.c:76:34: warning: comparison between pointer and integer
   76 |  for(uint32_t i = start_address;i<start_address+0x800;i++){
      |                                  ^
arm-none-eabi-gcc -o "flashTest.elf" @"objects.list"   -mcpu=cortex-m4 -T"C:\Users\penne\umsats-flash\flashTest\STM32L452RETX_FLASH.ld" --specs=nosys.specs -Wl,-Map="flashTest.map" -Wl,--gc-sections -static --specs=nano.specs -mfpu=fpv4-sp-d16 -mfloat-abi=hard -mthumb -Wl,--start-group -lc -lm -Wl,--end-group
Finished building target: flashTest.elf
 
arm-none-eabi-size   flashTest.elf 
arm-none-eabi-objdump -h -S  flashTest.elf  > "flashTest.list"
   text	   data	    bss	    dec	    hex	filename
  12976	     52	   1700	  14728	   3988	flashTest.elf
Finished building: default.size.stdout
 
Finished building: flashTest.list
 
17:47:33 **** Incremental Build of configuration Debug for project flashTest ****
make -j6 all 
arm-none-eabi-gcc "../Core/Src/main.c" -mcpu=cortex-m4 -std=gnu11 -g3 -DDEBUG -DUSE_HAL_DRIVER -DSTM32L452xx -c -I../Core/Inc -I../Drivers/STM32L4xx_HAL_Driver/Inc -I../Drivers/STM32L4xx_HAL_Driver/Inc/Legacy -I../Drivers/CMSIS/Device/ST/STM32L4xx/Include -I../Drivers/CMSIS/Include -O0 -ffunction-sections -fdata-sections -Wall -fstack-usage -MMD -MP -MF"Core/Src/main.d" -MT"Core/Src/main.o" --specs=nano.specs -mfpu=fpv4-sp-d16 -mfloat-abi=hard -mthumb -o "Core/Src/main.o"
../Core/Src/main.c: In function 'main':
../Core/Src/main.c:99:47: warning: passing argument 2 of 'Flash_Write' from incompatible pointer type [-Wincompatible-pointer-types]
   99 |   HAL_StatusTypeDef w = Flash_Write(0x807f000,nums,3);
      |                                               ^~~~
      |                                               |
      |                                               uint32_t * {aka long unsigned int *}
In file included from ../Core/Src/main.c:26:
../Core/Inc/Flash_driver.h:12:57: note: expected 'uint8_t *' {aka 'unsigned char *'} but argument is of type 'uint32_t *' {aka 'long unsigned int *'}
   12 | HAL_StatusTypeDef Flash_Write(uint32_t address,uint8_t *buf,size_t num_bytes);
      |                                                ~~~~~~~~~^~~
../Core/Src/main.c:102:46: warning: passing argument 2 of 'Flash_Read' from incompatible pointer type [-Wincompatible-pointer-types]
  102 |   HAL_StatusTypeDef r = Flash_Read(0x807f000,read_nums,3);
      |                                              ^~~~~~~~~
      |                                              |
      |                                              uint32_t * {aka long unsigned int *}
In file included from ../Core/Src/main.c:26:
../Core/Inc/Flash_driver.h:11:56: note: expected 'uint8_t *' {aka 'unsigned char *'} but argument is of type 'uint32_t *' {aka 'long unsigned int *'}
   11 | HAL_StatusTypeDef Flash_Read(uint32_t address,uint8_t *buf,size_t num_bytes);
      |                                               ~~~~~~~~~^~~
../Core/Src/main.c:102:21: warning: unused variable 'r' [-Wunused-variable]
  102 |   HAL_StatusTypeDef r = Flash_Read(0x807f000,read_nums,3);
      |                     ^
../Core/Src/main.c:99:21: warning: unused variable 'w' [-Wunused-variable]
   99 |   HAL_StatusTypeDef w = Flash_Write(0x807f000,nums,3);
      |                     ^
arm-none-eabi-gcc -o "flashTest.elf" @"objects.list"   -mcpu=cortex-m4 -T"C:\Users\penne\umsats-flash\flashTest\STM32L452RETX_FLASH.ld" --specs=nosys.specs -Wl,-Map="flashTest.map" -Wl,--gc-sections -static --specs=nano.specs -mfpu=fpv4-sp-d16 -mfloat-abi=hard -mthumb -Wl,--start-group -lc -lm -Wl,--end-group
Finished building target: flashTest.elf
 
arm-none-eabi-size   flashTest.elf 
arm-none-eabi-objdump -h -S  flashTest.elf  > "flashTest.list"
   text	   data	    bss	    dec	    hex	filename
  12984	     52	   1700	  14736	   3990	flashTest.elf
Finished building: default.size.stdout
 
Finished building: flashTest.list
 
17:50:00 **** Incremental Build of configuration Debug for project flashTest ****
make -j6 all 
arm-none-eabi-size   flashTest.elf 
   text	   data	    bss	    dec	    hex	filename
  12984	     52	   1700	  14736	   3990	flashTest.elf
Finished building: default.size.stdout
 
